[travellrsapp.com/index.html]
[www.appdindin.com.br/index.html]
[backblue.gif]
[fade.gif]
[index.html]
[ribon-landing.herokuapp.com/index.html]
[travellrsapp.com/node_modules/bootstrap/dist/css/bootstrap.min.css]
[d3.do/index.html]
[www.zagapp.com.br/index.html]
[travellrsapp.com/node_modules/font-awesome/css/font-awesome.min.css]
[www.kcollector.com.br/index.html]
[www.zumpy.com.br/index.html]
[travellrsapp.com/css/style.css]
[talentify.io/index.html]
[travellrsapp.com/imgs/logo.png]
[linceapp.com.br/index.html]
[travellrsapp.com/imgs/btngoogle.png]
[esites.pro/index.html]
[travellrsapp.com/imgs/btnapple.png]
[usebikeapp.com/index.html]
[travellrsapp.com/imgs/g.png]
[travellrsapp.com/imgs/i.png]
[www.urbapp.com.br/index.html]
[travellrsapp.com/imgs/infoa.png]
[travellrsapp.com/imgs/infob.png]
[travellrsapp.com/index.html]
[travellrsapp.com/imgs/infoc.png]
[www.appdindin.com.br/logo-facebook-dindin.png]
[www.appdindin.com.br/images/faviconf467.ico]
[www.appdindin.com.br/css/site_global7aee.css]
[www.appdindin.com.br/css/master_home-masterae35.css]
[www.appdindin.com.br/css/indexf8b8.css]
[www.google-analytics.com/analytics.js]
[www.appdindin.com.br/index-2.html]
[www.appdindin.com.br/images/blank3e08.gif]
[www.appdindin.com.br/tutorial.html]
[www.appdindin.com.br/scripts/requireb703.js]
[www.appdindin.com.br/index.html]
[cdnjs.cloudflare.com/ajax/libs/modernizr/2.8.3/modernizr.min.js]
[fonts.googleapis.com/index.html]
[www.artics.com.br/js/jquery.js]
[www.artics.com.br/js/jquery-migrate.min.js]
[www.artics.com.br/js/scrolltoplugin.min.js]
[www.artics.com.br/js/greensock.js]
[www.artics.com.br/js/layerslider.kreaturamedia.jquery.js]
[www.artics.com.br/js/layerslider.transitions.js]
[www.artics.com.br/js/jquery.themepunch.tools.min.js]
[www.artics.com.br/js/jquery.themepunch.revolution.min.js]
[www.artics.com.br/images/App2-Background-5.jpg]
[www.artics.com.br/images/App2-Background-1.jpg]
[www.artics.com.br/images/ArticsSmall3.png]
[www.artics.com.br/images/App2-Title-image-1.jpg]
[www.artics.com.br/images/AppShowcase.png]
[www.artics.com.br/images/bigdata.png]
[www.artics.com.br/images/ml.png]
[www.artics.com.br/images/sudentmodelingok.png]
[www.artics.com.br/images/adaptive.png]
[www.artics.com.br/images/photo-2.jpg]
[www.artics.com.br/images/photo3.png]
[www.artics.com.br/images/12328440_828140400645752_795719646_a.jpg]
[www.artics.com.br/images/photo-1.jpg]
[www.artics.com.br/images/photo.jpg]
[www.artics.com.br/images/LUIZ-FELIPE-RODRIGUES-DOS-SANTOS-MARKETING.jpg]
[www.artics.com.br/js/core.min.js]
[www.artics.com.br/js/widget.min.js]
[www.artics.com.br/js/tabs.min.js]
[www.artics.com.br/js/accordion.min.js]
[www.artics.com.br/js/mediaelement-and-player.min.js]
[www.artics.com.br/js/wp-mediaelement.min.js]
[www.artics.com.br/js/mouse.min.js]
[www.artics.com.br/js/slider.min.js]
[www.artics.com.br/js/third-party.min.js]
[www.artics.com.br/js/isotope.pkgd.min.js]
[www.artics.com.br/js/smoothPageScroll.js]
[www.artics.com.br/js_1]
[www.artics.com.br/js/modules.min.js]
[www.artics.com.br/js/comment-reply.min.js]
[www.artics.com.br/js/js_composer_front.min.js]
[www.artics.com.br/js/like.min.js]
[www.artics.com.br/js/wp-embed.min.js]
[www.artics.com.br/js/waypoints.min.js]
[www.artics.com.br/index.html]
[ribon-landing.herokuapp.com/assets/favicon-75d9bdc0d0844ab5c923bd313995985db7f66ba707f1afb2863cd7f77a723e2f.png]
[ribon-landing.herokuapp.com/assets/google-play-00ff1bb43d0a271618cd1f626e0530c4e9efb344058b85744e569306c93ecc42.svg]
[ribon-landing.herokuapp.com/blog.ribon.io/faq]
[ribon-landing.herokuapp.com/assets/midia-g1-0c2475f76da6492cc12b07e1db3c3f4036da15254f0056893aacea88971183b7.png]
[ribon-landing.herokuapp.com/assets/midia-correio-braziliense-04499f174dd93ad4b1045be0acac3fbe1cf267a1c1034977794df88084573bc0.png]
[ribon-landing.herokuapp.com/assets/midia-razoes-para-acreditar-169445a7313e7f35402f0177a8c4d8a258875f0ef1e1ebf3e46d43b29a335345.png]
[ribon-landing.herokuapp.com/assets/application-213a7eaff33d51e5e806dcedcf01db200a468593b18f98a358061cf07694fa62.css]
[ribon-landing.herokuapp.com/assets/application-dd44b357a60fa42c3f9d7fb7cb1db0831c5a749aea60326230633b549cfd63fd.js]
[ribon-landing.herokuapp.com/index.html]
[d3.do/share_image.jpg]
[d3.do/favicon-32x32.png]
[d3.do/favicon-16x16.png]
[d3.do/assets/site/common/logo_d3-59e9550861d68e438e15e45733868256b326e7994541f7187a166749f6e6dcc6.png]
[d3.do/index7038.html]
[d3.do/en/projects/aura.html]
[d3.do/en/projects/dancingpavilion.html]
[d3.do/en/projects/zag.html]
[d3.do/en/projects/googlephotos.html]
[d3.do/en/projects/fiatsafekey.html]
[d3.do/en/projects/spotifyvr.html]
[d3.do/en/projects/aplacetodeparture.html]
[d3.do/en/projects/bloom.html]
[d3.do/cdn-cgi/l/email-protection.html]
[d3.do/br.html]
[d3.do/assets/application-f85bfa7319229a8ccc3c77e45283c8e4bfcb3f2e8aa25142ab8e690de35bd099.css]
[d3.do/cdn-cgi/scripts/af2821b0/cloudflare-static/email-decode.min.js]
[d3.do/index.html]
[fonts.googleapis.com/cssd876.css]
[d3.do/assets/application-967acf680e0a33dd77cd22cf7eba72123c31f74d8c6c21fbb330deb2bd3d6d5f.js]
[fonts.googleapis.com/cssed4f.css]
[www.avi.do/images/favicon.png]
[www.avi.do/js/jquery.js]
[www.avi.do/js/plugins.js]
[www.avi.do/js/video-js/video.min.js]
[www.avi.do/js/hls.min.js]
[www.avi.do/js/videojs-contrib-hlsjs.js]
[www.avi.do/js/hyphenate.js]
[www.avi.do/js/dash.all.min.js]
[www.avi.do/js/videojs-dash.min.js]
[avidogames.s3.amazonaws.com/photos/intro-poster.jpg]
[www.avi.do/images/slider/swiper/1.jpg]
[www.avi.do/images/logo.png]
[www.avi.do/images/logo@2x.png]
[www.avi.do/images/equipe.jpg]
[www.avi.do/images/parallax/3.jpg]
[www.avi.do/images/personagens.jpg]
[www.avi.do/images/icons/layers.png]
[www.avi.do/images/icons/connection.png]
[www.avi.do/images/icons/startup.png]
[www.avi.do/images/icons/color/conversation.png]
[www.avi.do/images/icons/color/light-bulb.png]
[www.avi.do/images/icons/color/poster.png]
[www.avi.do/images/icons/color/settings-1.png]
[www.avi.do/images/icons/color/laptop.png]
[www.avi.do/images/icons/color/smartphones.png]
[www.avi.do/images/icons/gamepad.png]
[www.avi.do/images/appStoreBagde.png]
[www.avi.do/images/googlePlayBadge.png]
[www.avi.do/images/mockupSmart2.jpg]
[www.avi.do/images/slider/swiper/3.jpg]
[www.avi.do/images/icons/discordapp.png]
[www.avi.do/js/functions.js]
[www.avi.do/index.html]
[rec.getsmartlook.com/bundle.js]
[www.zagapp.com.br/cover.png]
[www.zagapp.com.br/assets/favicons/apple-touch-icon-49d98c60dc66ee5d30c46dc2f333c45a5791e2e008a2e18d84eb8553afb43f38.png]
[www.zagapp.com.br/assets/favicons/favicon-32x32-249c681b2a2135b84190fde5afc9549ff720ddf856945987cc7dce36df31f460.png]
[www.zagapp.com.br/assets/favicons/favicon-16x16-a6fa57b6c0bf999f2fca27e9a59b5487496fe9fee0f752bf60428eab3f445364.png]
[www.zagapp.com.br/assets/favicons/manifest-641bfbf4f47bd25565c49ad31c3d69f4fc424163b26e5599a0d08464764891f3.json]
[www.zagapp.com.br/assets/favicons/safari-pinned-tab-acfea844d05b9e43486bb1bd45c0da26514a7e0cded5ee144e2aa0f1bfe39a32.svg]
[www.zagapp.com.br/assets/cover-53fd2f30b2dfe6eac3e5b27361df4edf4325c3b304c115f924bdbe4f7aa7d326.png]
[www.zagapp.com.br/assets/home-547857ea8162563f275e1f7bb26177313761f16b64d313978491c3b72b8c7b4c.css]
[fonts.googleapis.com/cssaaec.css]
[www.zagapp.com.br/assets/home/index-e966300b737a2eb6055ef49dda99b6ededb249ef4108699f61bdf25dc18c70fa.js]
[www.zagapp.com.br/users/sign_in.html]
[www.zagapp.com.br/assets/apple_store_badge@2X-532dc0896a3fb6c614c9e4551d4ac0ef3eec3a997adb8ae78fec16dee5c73be2.png]
[www.zagapp.com.br/assets/google_play_badge@2X-0b8f82ef4af3d2218ebc01612e8143409f1824e7bc0f05b017ea20c7286a9b20.png]
[www.zagapp.com.br/assets/iphone_app-70f5f4d66a91ec91c5e07acacce7da5ffb0a8ac3e6b9ecdb438bcafeed9f8a84.png]
[www.zagapp.com.br/users/account/company.html]
[www.zagapp.com.br/assets/iphone_feature_1-732dfcd1df2844cee072fbe215b3ddd65743b401052d9dfb9bb4facaeecff0ad.png]
[www.zagapp.com.br/assets/iphone_app_mask-0d5145ddb5e65cec8a3cfdb63da39c14e44f9cd47d155f8d626b0369169b4853.png]
[www.zagapp.com.br/assets/iphone_feature_2-ccafd6a063e2f00c4c078e7f6acf6edb8d8e3492b43a3d45c03badf60679e7df.png]
[www.zagapp.com.br/assets/iphone_feature_3-bf8f7e682dd4ce77082ea8d386ee8923fc4baf0083a681357e6261d5aec14064.png]
[www.zagapp.com.br/assets/iphone_feature_4-1db161add6f6702c6de5486548e7deaf77eb813501791a53cbd30a4bfb9be44c.png]
[www.zagapp.com.br/assets/graph-admin-28568c8c7e12dc868695131001c1aaf6cf7065eece47a29c65ce8c1878fb3c8e.svg]
[www.zagapp.com.br/assets/mackbook_admin-full1-b666e9814c663ca8c9fb35c084e11b68eb8e783ea3ca89fcebb487b6e9e844b6.png]
[www.zagapp.com.br/assets/icon-van-seg-49805e5692def37b20c12b0d36a4b6065c93591eea6b867dab2347d35c8f36f1.png]
[www.zagapp.com.br/assets/icon-van-org-038c02ae3a6d2577cb165ad6efd1fec5750ecfa3cda89a8b2d97a3db9f7506ad.png]
[www.zagapp.com.br/assets/icon-van-mob-440b2cabff041dae5b65dae0cdef79132e974d5b7226ea4c26bf594a26369925.png]
[www.zagapp.com.br/assets/icon-van-simp-ff47fb3e78d9ad9185d81de12a21b08ed125684a0258d19016df7d40c5e33640.png]
[www.zagapp.com.br/assets/icon-van-tran-0931560ebb2be4c74444016da3fa8e77d99bdea3987eb9eee1327be90edd263f.png]
[www.zagapp.com.br/cdn-cgi/l/email-protection.html]
[www.zagapp.com.br/termos-de-uso-e-politica-de-privacidade.html]
[www.zagapp.com.br/cdn-cgi/scripts/af2821b0/cloudflare-static/email-decode.min.js]
[cdn.rlets.com/capture_static/mms/mms.js]
[www.zagapp.com.br/index.html]
[www.kcollector.com.br/wp-content/plugins/wp-video-lightbox/css/prettyPhoto5859.css]
[www.kcollector.com.br/feed/index.html]
[www.kcollector.com.br/wp-content/plugins/wp-video-lightbox/wp-video-lightbox5859.css]
[www.kcollector.com.br/comments/feed/index.html]
[www.kcollector.com.br/wp-content/plugins/contact-form-7/includes/css/styles20fd.css]
[www.kcollector.com.br/wp-content/plugins/flowplayer6-video-player/lib/skin/skin5859.css]
[www.kcollector.com.br/wp-content/plugins/revslider/public/assets/css/settings5223.css]
[www.kcollector.com.br/wp-content/themes/arlo/style5859.css]
[www.kcollector.com.br/wp-content/themes/arlo/assets/css/plugins.min5859.css]
[www.kcollector.com.br/wp-content/themes/arlo/assets/css/modules.min5859.css]
[www.kcollector.com.br/wp-content/themes/arlo/assets/css/font-awesome/css/font-awesome.min5859.css]
[www.kcollector.com.br/wp-content/themes/arlo/assets/css/elegant-icons/style.min5859.css]
[www.kcollector.com.br/wp-content/themes/arlo/assets/css/ion-icons/css/ionicons.min5859.css]
[www.kcollector.com.br/wp-content/themes/arlo/assets/css/linea-icons/style5859.css]
[www.kcollector.com.br/wp-content/themes/arlo/assets/css/simple-line-icons/simple-line-icons5859.css]
[www.kcollector.com.br/wp-content/themes/arlo/assets/css/dripicons/dripicons5859.css]
[www.kcollector.com.br/wp-content/themes/arlo/assets/css/modules-responsive5859.css]
[www.kcollector.com.br/wp-content/themes/arlo/assets/css/blog-responsive.min5859.css]
[www.kcollector.com.br/wp-content/plugins/js_composer/assets/css/js_composer.min0147.css]
[fonts.googleapis.com/css3336.css]
[www.kcollector.com.br/wp-includes/js/jquery/jqueryb8ff.js]
[www.kcollector.com.br/wp-includes/js/jquery/jquery-migrate.min330a.js]
[www.kcollector.com.br/wp-content/plugins/wp-video-lightbox/js/jquery.prettyPhoto.min005e.js]
[www.kcollector.com.br/wp-content/plugins/wp-video-lightbox/js/video-lightbox005e.js]
[www.kcollector.com.br/wp-content/plugins/flowplayer6-video-player/lib/flowplayer.min5859.js]
[www.kcollector.com.br/wp-content/plugins/revslider/public/assets/js/jquery.themepunch.tools.min5223.js]
[www.kcollector.com.br/wp-content/plugins/revslider/public/assets/js/jquery.themepunch.revolution.min5223.js]
[www.kcollector.com.br/wp-content/plugins/pixelyoursite/js/publicaaf9.js]
[www.kcollector.com.br/wp-includes/js/mediaelement/mediaelement-and-player.min45a0.js]
[www.kcollector.com.br/wp-includes/js/mediaelement/mediaelement-migrate.min5859.js]
[www.kcollector.com.br/xmlrpc0db0.php]
[www.kcollector.com.br/wp-includes/wlwmanifest.xml]
[www.kcollector.com.br/wp-json/index.html]
[www.kcollector.com.br/wp-json/oembed/1.0/embed9119.json]
[www.kcollector.com.br/wp-json/oembed/1.0/embed5410]
[marketing.kcollector.com.br/mtc.js]
[www.kcollector.com.br/wp-content/uploads/2017/05/cropped-cropped-k_icone2-300x300-32x32.png]
[www.kcollector.com.br/wp-content/uploads/2017/05/cropped-cropped-k_icone2-300x300-192x192.png]
[www.kcollector.com.br/wp-content/uploads/2017/05/cropped-cropped-k_icone2-300x300-180x180.png]
[www.kcollector.com.br/wp-content/uploads/2016/05/BG_funcionalidades77fd.jpg]
[bat.bing.com/bat.js]
[d31qbv1cthcecs.cloudfront.net/atrk.js]
[d5nxst8fruw4z.cloudfront.net/atrk9e0f.gif]
[www.kcollector.com.br/wp-content/themes/arlo/assets/img/logo.png]
[www.kcollector.com.br/wp-content/uploads/2016/10/Gif_10.png]
[www.kcollector.com.br/blog/index.html]
[www.kcollector.com.br/contato/index.html]
[www.kcollector.com.br/wp-content/themes/arlo/assets/css/img/pixel-video.png]
[www.kcollector.com.br/duvidas-frequentes/index.html]
[www.kcollector.com.br/wp-content/uploads/2017/06/Gif_Sub_01.mp4]
[www.kcollector.com.br/contato/peca-o-seu-orcamento/index.html]
[www.kcollector.com.br/wp-content/themes/arlo/assets/js/flashmediaelement.swf]
[www.kcollector.com.br/wp-content/uploads/2016/05/app_kcollector-2.png]
[www.kcollector.com.br/leitores-usb-e-bluetooth/index.html]
[www.kcollector.com.br/wp-content/uploads/2016/05/BG_funcionalidades.jpg]
[www.kcollector.com.br/wp-content/uploads/2017/10/KCollector-o-coletor-de-dados-mobile.mp4]
[www.kcollector.com.br/wp-content/uploads/2016/05/03_icones_1.png]
[www.kcollector.com.br/wp-content/uploads/2016/05/03_icones_2.png]
[www.kcollector.com.br/wp-content/uploads/2016/05/03_icones_3.png]
[www.kcollector.com.br/wp-content/uploads/2016/05/03_icones_4.png]
[www.kcollector.com.br/wp-content/uploads/2016/05/03_icones_5.png]
[www.kcollector.com.br/wp-content/uploads/2016/05/03_icones_6.png]
[www.kcollector.com.br/wp-content/uploads/2016/05/slide-1-landing-2.jpg]
[www.kcollector.com.br/wp-content/uploads/2015/10/bonzao.png]
[www.kcollector.com.br/wp-content/uploads/2017/05/micro.png]
[www.kcollector.com.br/wp-content/uploads/2015/10/pinh.png]
[www.kcollector.com.br/wp-content/uploads/2015/10/supermais.png]
[www.kcollector.com.br/wp-content/uploads/2017/10/erplinea.png]
[www.kcollector.com.br/wp-content/uploads/2017/10/logo-lexos.png]
[www.kcollector.com.br/wp-content/uploads/2017/10/viggi-1.jpg]
[www.kcollector.com.br/wp-content/uploads/2017/10/Laboro-2.png]
[www.kcollector.com.br/wp-content/uploads/2017/10/SRI.png]
[www.kcollector.com.br/wp-content/uploads/2017/10/logo_oriontec.png]
[www.kcollector.com.br/wp-content/uploads/2017/10/e4-1.png]
[www.kcollector.com.br/wp-content/uploads/2017/10/fiemg.png]
[www.kcollector.com.br/wp-content/uploads/2017/10/ATS.png]
[www.kcollector.com.br/wp-content/uploads/2017/10/lab.png]
[www.kcollector.com.br/wp-content/uploads/2016/12/tribook.jpg]
[www.facebook.com/tr5dc0.gif]
[www.kcollector.com.br/politica-de-privacidade/index.html]
[www.facebook.com/tr44f8.gif]
[marketing.kcollector.com.br/mtrackinge83f.gif]
[www.kcollector.com.br/wp-content/plugins/contact-form-7/includes/js/scripts20fd.js]
[www.kcollector.com.br/wp-includes/js/jquery/ui/core.mine899.js]
[www.kcollector.com.br/wp-includes/js/jquery/ui/widget.mine899.js]
[www.kcollector.com.br/wp-includes/js/jquery/ui/tabs.mine899.js]
[www.kcollector.com.br/wp-includes/js/jquery/ui/accordion.mine899.js]
[www.kcollector.com.br/wp-includes/js/mediaelement/wp-mediaelement.min5859.js]
[www.kcollector.com.br/wp-content/themes/arlo/assets/js/third-party.min5859.js]
[www.kcollector.com.br/wp-content/plugins/js_composer/assets/lib/bower/isotope/dist/isotope.pkgd.min0147.js]
[www.kcollector.com.br/wp-content/themes/arlo/assets/js/packery.min5859.js]
[www.kcollector.com.br/wp-content/themes/arlo/assets/js/modules.min5859.js]
[www.kcollector.com.br/wp-content/plugins/js_composer/assets/js/dist/js_composer_front.min0147.js]
[www.kcollector.com.br/wp-content/themes/arlo/assets/js/like.min5152.js]
[www.kcollector.com.br/wp-includes/js/wp-embed.min5859.js]
[www.kcollector.com.br/index.html]
[talentify.io/i/icon/apple-icon-57x57.png]
[talentify.io/i/icon/apple-icon-60x60.png]
[talentify.io/i/icon/apple-icon-72x72.png]
[talentify.io/i/icon/apple-icon-76x76.png]
[talentify.io/i/icon/apple-icon-114x114.png]
[talentify.io/i/icon/apple-icon-120x120.png]
[talentify.io/i/icon/apple-icon-144x144.png]
[talentify.io/i/icon/apple-icon-152x152.png]
[talentify.io/i/icon/apple-icon-180x180.png]
[talentify.io/i/icon/android-icon-192x192.png]
[talentify.io/i/icon/favicon-32x32.png]
[talentify.io/i/icon/favicon-96x96.png]
[talentify.io/i/icon/favicon-16x16.png]
[talentify.io/favicon3860.ico]
[talentify.io/i/icon/manifest.13f.delayed]
[talentify.io/i/icon/ms-icon-144x144.png]
[talentify.io/i/site/logo.png]
[talentify.io/i/site/logo_vertical.png]
[talentify.io/css/site430c.css]
[talentify.io/i/site/client_sears.png]
[talentify.io/i/site/client_saks.png]
[talentify.io/i/site/client_metlife.png]
[talentify.io/i/site/client_pwc.png]
[talentify.io/i/site/client_cielo.png]
[talentify.io/i/site/client_garrancho.png]
[talentify.io/i/site/left_arrow.png]
[talentify.io/image/inst/priscilla.png]
[talentify.io/image/inst/erika-01.png]
[talentify.io/image/inst/denise-01.png]
[talentify.io/i/site/right_arrow.png]
[talentify.io/cdn-cgi/l/email-protection.html]
[talentify.io/cdn-cgi/scripts/af2821b0/cloudflare-static/email-decode.min.js]
[talentify.io/index.html]
[talentify.io/js/site430c.js]
[maxcdn.bootstrapcdn.com/bootstrap/3.3.7/css/bootstrap.min.css]
[www.zumpy.com.br/wp-content/plugins/contact-form-7/includes/css/stylesa288.css]
[www.zumpy.com.br/wp-content/themes/zumpy_theme/assets/css/style8a54.css]
[www.zumpy.com.br/wp-includes/js/jquery/jquery-migrate.min330a.js]
[www.zumpy.com.br/wp-includes/js/jquery/jqueryb8ff.js]
[www.zumpy.com.br/xmlrpc0db0.php]
[www.zumpy.com.br/wp-includes/wlwmanifest.xml]
[www.zumpy.com.br/wp-json/index.html]
[www.zumpy.com.br/wp-json/oembed/1.0/embeda143.json]
[www.zumpy.com.br/wp-json/oembed/1.0/embedc28b]
[code.jquery.com/jquery-3.2.1.min.js]
[www.zumpy.com.br/wp-content/uploads/2017/08/dwnld-apple.png]
[www.zumpy.com.br/wp-content/uploads/2017/08/dwnld-googleplay.png]
[www.zumpy.com.br/wp-content/uploads/2017/08/zumpyblue.png]
[www.zumpy.com.br/blog-zumpy/index.html]
[teste1136.tempsite.ws/wp-content/uploads/2017/08/iphones.png]
[www.zumpy.com.br/contato/index.html]
[teste1136.tempsite.ws/wp-content/uploads/2017/08/google-play.png]
[teste1136.tempsite.ws/wp-content/uploads/2017/08/apple.png]
[www.zumpy.com.br/wp-content/uploads/2017/09/passo_0-1.png]
[www.zumpy.com.br/wp-content/uploads/2017/09/passo_1.png]
[www.zumpy.com.br/wp-content/uploads/2017/09/passo_2.png]
[www.zumpy.com.br/wp-content/uploads/2017/09/passo_3.png]
[www.zumpy.com.br/wp-content/uploads/2017/09/passo_4.png]
[www.zumpy.com.br/wp-content/uploads/2017/09/passo_5.png]
[www.zumpy.com.br/wp-content/uploads/2017/09/passo_6-2.png]
[www.zumpy.com.br/wp-content/uploads/2017/08/left-arrow.png]
[www.zumpy.com.br/wp-content/uploads/2017/08/right-arrow.png]
[www.zumpy.com.br/wp-content/uploads/2017/08/locked.png]
[www.zumpy.com.br/wp-content/uploads/2017/08/coins.png]
[www.zumpy.com.br/wp-content/uploads/2017/08/sustent_blue.png]
[www.zumpy.com.br/wp-content/uploads/2017/08/sustent_opacity.png]
[www.zumpy.com.br/wp-content/uploads/2017/05/TK5-carro-amarelo-poluição-01.png]
[www.zumpy.com.br/wp-content/uploads/2017/08/setablog-1.png]
[www.zumpy.com.br/carros-levam-30-dos-passageiros-mas-respondem-por-73-das-emissoes-em-sp/index.html]
[www.zumpy.com.br/wp-content/uploads/2017/05/BLOG_04-590x310.png]
[www.zumpy.com.br/conomizar-dinheiro-com-seu-carro/index.html]
[www.zumpy.com.br/wp-content/uploads/2017/05/BLOG_03-590x310.png]
[www.zumpy.com.br/compartilhe-sua-rota-e-receba-caronas-de-forma-pratica-e-segura-com-o-zumpy/index.html]
[www.zumpy.com.br/wp-content/uploads/2017/04/Blog_02-filtros-de-seguranca-590x310.png]
[www.zumpy.com.br/carona-segura-e-com-o-zumpy/index.html]
[www.zumpy.com.br/wp-content/uploads/2017/09/logoOtempo.png]
[www.zumpy.com.br/wp-content/uploads/2017/08/hoje-em-dia.png]
[www.zumpy.com.br/wp-content/uploads/2017/08/g1.png]
[www.zumpy.com.br/wp-content/uploads/2017/08/folha.png]
[www.zumpy.com.br/wp-content/uploads/2017/09/1-LOGO-R7-COM.jpg]
[www.zumpy.com.br/wp-content/uploads/2017/08/apple.png]
[www.zumpy.com.br/wp-content/uploads/2017/08/google-play.png]
[www.zumpy.com.br/wp-content/uploads/2017/08/facebook-logo.png]
[www.zumpy.com.br/wp-content/uploads/2017/08/instagram.png]
[www.zumpy.com.br/wp-content/uploads/2017/08/youtube-1.png]
[www.zumpy.com.br/wp-content/plugins/contact-form-7/includes/js/scriptsa288.js]
[www.zumpy.com.br/wp-content/themes/zumpy_theme/assets/js/script8a54.js]
[www.zumpy.com.br/wp-includes/js/wp-embed.minee45.js]
[www.zumpy.com.br/index.html]
[d335luupugsy2.cloudfront.net/js/loader-scripts/1f1d3963-8501-49fb-b903-6a2898052ccc-loader.js]
[www.longhathouse.com/facebook_longhathouse.png]
[www.longhathouse.com/css/styles.less]
[www.longhathouse.com/logo.png]
[www.longhathouse.com/index.html]
[parknet.com.br/index-2.html]
[parknet.com.br/index.html]
[syligo1.tempsite.ws/wp-content/uploads/2016/04/business.png]
[syligo1.tempsite.ws/wp-content/uploads/2016/04/computer.png]
[syligo1.tempsite.ws/wp-content/uploads/2016/04/consulting.png]
[syligo1.tempsite.ws/wp-content/uploads/2016/04/logohome-1.png]
[syligo1.tempsite.ws/wp-content/uploads/2016/04/cietec-300x84.png]
[www.syligo.com/feed/index.html]
[www.syligo.com/comments/feed/index.html]
[fonts.googleapis.com/cssa461.css]
[platform-api.sharethis.com/js/sharethis.js]
[www.syligo.com/xmlrpc0db0.php]
[www.syligo.com/wp-includes/wlwmanifest.xml]
[www.syligo.com/wp-json/index.html]
[www.syligo.com/wp-json/oembed/1.0/embedcb99.json]
[www.syligo.com/wp-json/oembed/1.0/embed0eda]
[syligo1.tempsite.ws/wp-content/uploads/2016/04/favi.png]
[syligo1.tempsite.ws/wp-content/uploads/2016/04/Syligo-en-white.png]
[syligo1.tempsite.ws/wp-content/uploads/2016/04/Syligo-en.png]
[www.syligo.com/wp-content/plugins/revslider/admin/assets/images/dummy.png]
[www.syligo.com/wp-content/uploads/2016/04/parceria-1.jpg]
[syligo1.tempsite.ws/wp-content/uploads/2016/04/cafe-1.png]
[syligo1.tempsite.ws/wp-content/uploads/2016/04/face.png]
[syligo1.tempsite.ws/wp-content/uploads/2016/04/twitter.png]
[syligo1.tempsite.ws/wp-content/uploads/2016/04/link.png]
[syligo1.tempsite.ws/wp-content/uploads/2016/04/medium.png]
[www.syligo.com/index.html]
[linceapp.com.br/js/JQuery/JQuery.js]
[linceapp.com.br/css/app.css]
[connect.facebook.net/en_US/fbevents.js]
[linceapp.com.br/js/app.js]
[linceapp.com.br/images/place/logo-horizontal.png]
[linceapp.com.br/images/place/index/search/Lupa-Index.png]
[linceapp.com.br/como-funciona.html]
[linceapp.com.br/images/place/index/how_it_works_section/Procure.jpg]
[linceapp.com.br/images/place/index/lince_section/002.jpg]
[linceapp.com.br/images/place/index/lince_section/Marca-HOVER-Branca-.png]
[linceapp.com.br/images/place/index/lince_section/005.jpg]
[linceapp.com.br/images/place/index/lince_section/001.jpg]
[linceapp.com.br/images/place/index/lince_section/003.jpg]
[linceapp.com.br/images/place/index/lince_section/004.jpg]
[linceapp.com.br/seja-parceiro.html]
[linceapp.com.br/images/place/footer-twitter.png]
[linceapp.com.br/images/place/footer-facebook.png]
[linceapp.com.br/termos-e-condicoes-de-uso.html]
[linceapp.com.br/politica-de-privacidade.html]
[linceapp.com.br/js/place/index/index.js]
[linceapp.com.br/css/place/index/index.css]
[linceapp.com.br/index.html]
[www.ifood.com.br/index.html]
[esites.pro/wp-content/plugins/contact-form-7/includes/css/stylese4ec.css]
[esites.pro/wp-content/plugins/multiupload-field-for-contact-form-7/css/cf7mu-multiupload-fronte4ec.css]
[esites.pro/esites/f9f4ca9cb1/assets/css/fl-iconse4ec.css]
[esites.pro/wp-content/plugins/gravityforms/css/formreset.mine4ec.css]
[esites.pro/wp-content/plugins/gravityforms/css/formsmain.mine4ec.css]
[esites.pro/comments/feed/index.html]
[esites.pro/wp-content/plugins/gravityforms/css/readyclass.mine4ec.css]
[esites.pro/feed/index.html]
[esites.pro/wp-content/plugins/gravityforms/css/browsers.mine4ec.css]
[esites.pro/esites/f9f4ca9cb1/assets/css/flatsomee4ec.css]
[esites.pro/esites/f9f4ca9cb1/stylee4ec.css]
[esites.pro/wp-includes/js/jquery/jquerye4ec.js]
[esites.pro/wp-includes/js/jquery/jquery-migrate.mine4ec.js]
[esites.pro/wp-content/plugins/pro-sites/pro-sites-files/js/taxe4ec.js]
[esites.pro/wp-content/plugins/gravityforms/js/placeholders.jquery.mine4ec.js]
[esites.pro/wp-json/index.html]
[esites.pro/xmlrpc0db0.php]
[esites.pro/wp-includes/wlwmanifest.xml]
[esites.pro/wp-json/oembed/1.0/embed433a.json]
[esites.pro/wp-json/oembed/1.0/embed636f]
[ajax.googleapis.com/ajax/libs/webfont/1/webfont.js]
[esites.pro/wp-content/uploads/2017/07/favicone4ec.ico]
[esites.pro/wp-content/uploads/2016/07/background.jpg]
[esites.pro/wp-content/uploads/2016/07/hover-title.png]
[esites.pro/wp-content/uploads/2016/07/static-title.png]
[esites.pro/wp-content/uploads/2016/07/static-text.png]
[esites.pro/wp-content/uploads/2016/07/text-area.png]
[esites.pro/wp-content/uploads/2016/07/hover-text.png]
[esites.pro/wp-content/uploads/2016/07/criar-sites-(1)e4ec.png]
[esites.pro/wp-content/uploads/2016/07/logo-esitese4ec.png]
[esites.pro/wp-content/uploads/2016/07/site-gratis3.jpg]
[esites.pro/wp-content/uploads/2017/06/site-gratis4-mobilee4ec.jpg]
[esites.pro/escolher-site/index.html]
[esites.pro/wp-content/uploads/2016/07/Ecommerce-Website-Design-1024x496e4ec.png]
[fast.wistia.com/assets/external/E-v1.js]
[esites.pro/wp-content/uploads/2017/07/google-adwords-servico-agenciae4ec.png]
[esites.pro/wp-content/uploads/2017/07/seo-audiencia-conversao-sitese4ec.png]
[esites.pro/wp-content/uploads/2017/07/migração-de-sitese4ec.png]
[esites.pro/wp-content/uploads/2016/07/screenshot1e4ec.jpg]
[esites.pro/wp-content/uploads/2016/07/screenshot2e4ec.jpg]
[esites.pro/adwords/index.html]
[esites.pro/producao-de-conteudo-navegacao-ux/index.html]
[esites.pro/wp-content/uploads/2016/07/screenshot3e4ec.jpg]
[esites.pro/migracao/index.html]
[esites.pro/wp-content/uploads/2016/08/screenshot4e4ec.jpg]
[esites.pro/wp-content/uploads/2016/08/screenshot5e4ec.jpg]
[esites.pro/wp-content/uploads/2016/08/screenshot6e4ec.jpg]
[esites.pro/wp-content/plugins/contact-form-7/includes/js/scriptse4ec.js]
[esites.pro/wp-content/plugins/multiupload-field-for-contact-form-7/js/dropzonee4ec.js]
[esites.pro/wp-content/plugins/multiupload-field-for-contact-form-7/js/cf7mu-multiupload-fronte4ec.js]
[esites.pro/esites/f9f4ca9cb1/inc/extensions/flatsome-live-search/flatsome-live-searche4ec.js]
[esites.pro/wp-content/plugins/wp-gallery-custom-links/wp-gallery-custom-linkse4ec.js]
[esites.pro/wp-includes/js/hoverIntent.mine4ec.js]
[esites.pro/esites/f9f4ca9cb1/assets/js/flatsomee4ec.js]
[esites.pro/wp-includes/js/wp-embed.mine4ec.js]
[esites.pro/index.html]
[usebikeapp.com/index.html]
[www.urbapp.com.br/css/bootstrap.min.css]
[usebikeapp.com/index9ed2.html]
[www.urbapp.com.br/css/freelancer.css]
[www.urbapp.com.br/font-awesome/css/font-awesome.min.css]
[fonts.googleapis.com/csse3e5.css]
[www.urbapp.com.br/img/padrao/favicon5.png]
[fonts.googleapis.com/cssb033.css]
[connect.facebook.net/pt_BR/sdk.js]
[www.urbapp.com.br/index-2.html]
[www.urbapp.com.br/img/padrao/lang_pt-br.png]
[www.urbapp.com.br/index_us.html]
[www.urbapp.com.br/img/padrao/lang_es-us.png]
[www.urbapp.com.br/img/padrao/aplicativo.png]
[www.urbapp.com.br/img/padrao/app_cart2.png]
[www.urbapp.com.br/img/padrao/googleplay.png]
[www.urbapp.com.br/img/padrao/apple.png]
[www.urbapp.com.br/img/padrao/1.png]
[www.urbapp.com.br/img/padrao/2.png]
[www.urbapp.com.br/img/padrao/3.png]
[www.urbapp.com.br/img/padrao/4.png]
[www.urbapp.com.br/img/padrao/logo_bottom.png]
[www.urbapp.com.br/img/portfolio/cabin.png]
[www.urbapp.com.br/img/portfolio/cake.png]
[www.urbapp.com.br/img/portfolio/circus.png]
[www.urbapp.com.br/img/portfolio/game.png]
[www.urbapp.com.br/img/portfolio/safe.png]
[www.urbapp.com.br/img/portfolio/submarine.png]
[www.urbapp.com.br/js/jquery.js]
[www.urbapp.com.br/js/bootstrap.min.js]
[cdnjs.cloudflare.com/ajax/libs/jquery-easing/1.3/jquery.easing.min.js]
[www.urbapp.com.br/js/classie.js]
[www.urbapp.com.br/js/cbpAnimatedHeader.js]
[www.urbapp.com.br/js/jqBootstrapValidation.js]
[www.urbapp.com.br/js/contact_me.js]
[www.urbapp.com.br/js/freelancer.js]
[www.urbapp.com.br/index.html]
[www.appdindin.com.br/index-2.html]
[www.appdindin.com.br/tutorial.html]
[www.appdindin.com.br/css/tutorialc4c3.css]
[gmpg.org/xfn/11.html]
[www.artics.com.br/xmlrpc.html]
[maps.googleapis.com/index.html]
[fonts.googleapis.com/index.html]
[s.w.org/index.html]
[www.artics.com.br/index52f0.html]
[www.artics.com.br/xmlrpc0db0.html]
[www.artics.com.br/index508f.html]
[www.artics.com.br/index5538.html]
[ribon-landing.herokuapp.com/blog.ribon.io/faq.html]
[d3.do/index7038.html]
[d3.do/video-aura-desktop/first.jpg]
[d3.do/assets/aura/mobile/aura_project_01-5b5d2d54f07f4faedcd02ff6f1df6712177401bad4116564585ee40094b9c57e.jpg]
[d3.do/assets/aura/mobile/aura_project_02_en-42d9e356e330532dd43adcb14e8583db172c60d8410127f83c18a4fa1cb669bc.jpg]
[d3.do/video-aura-app/first.jpg]
[d3.do/assets/aura/mobile/aura_project_03-ae182cbaee107df06945b5880a03dcb7fec20ba56480c991e14e908b4c332773.png]
[d3.do/assets/aura/common/logo_guto_requena-90b1645b46d462ffcb958ff14c297ed13044dc42bcd06925fd8f1523678e0f60.png]
[d3.do/assets/aura/common/logo_love_project-48303b3c3670cb9a5701b8c5ac04331e69505a8d342c93f6a08e85418ee12cb0.png]
[d3.do/assets/aura/common/logo_elle-995cd29e5388afc3e381367d3b0978189035eae49a561c6ce62a2cf573e01e0b.png]
[d3.do/assets/aura/common/logo_casa_vogue-389c2aef56dbc7732cef12302adeb56631daee4f84a70f1c8ee99f871fea650e.png]
[d3.do/assets/aura/common/logo_vogue-cf5fb6bf963298734ed0578a165c6f6490dad05d329c0d59079fa2c2ff9a4f74.png]
[d3.do/assets/aura/common/logo_lilian_pacce-e73514443594f43935b41e6788629a6a9b9c9f621c23f1f391967083d0c1d010.png]
[d3.do/assets/aura/common/logo_if_design_award_2017-566ab3f43d8230c9b39f0689502fc260d2f943091321d4d45ae3a51aca67890f.png]
[d3.do/en/projects/aura.html]
[d3.do/teaser-dancing-pavilion-desktop/first.jpg]
[d3.do/assets/dancing-pavilion/mobile/dancing_pavilion_project_01-49524fe1a012bd3f878b86886051a3b3c9e55dec2dacce12463008a9987ff728.jpg]
[d3.do/assets/dancing-pavilion/mobile/dancing_pavilion_project-b74264c1bef4f4e2d016da6c1fd619f4d0eb6d67596759db1ee33356c14f617c.gif]
[d3.do/assets/dancing-pavilion/mobile/dancing_pavilion_project_02-c4495c4b24bf045cba9917715d4930170f41e6cc25a74db54524304894606b09.png]
[d3.do/assets/dancing-pavilion/mobile/dancing_pavilion_project_03-754146da9e33ffbb1295d3dcdd4a9e134498026d4cbf67f14e507719006fbc87.jpg]
[d3.do/assets/dancing-pavilion/mobile/dancing_pavilion_project_04-84d5c035748b10e9cf9c7e2f68b3256c4072777148aa33e19f0f01e548e47b54.png]
[d3.do/assets/dancing-pavilion/common/logo_rio_2016_olympics-0017cc93416ab77226d1029c42746c72bf54f94d8881f24e3c9b3a23b8982e22.png]
[d3.do/assets/dancing-pavilion/common/logo_guto_requena-f03c0bcb1a7fadf200fa7027017d6a12faa74f0bd1cf23b1b4f07f3f1fb376e5.png]
[d3.do/assets/dancing-pavilion/common/logo_bferraz-3dd4a29afe4f2cadb1095cb5d13ad57c53d33304f4c6100cee7f2892a012554d.jpg]
[d3.do/assets/dancing-pavilion/common/logo_un_cenografia-edf2d629cd59b38193f832f9b211400a255b033ff7530d1d600403b8f78ca859.jpg]
[d3.do/assets/dancing-pavilion/common/logo_ambev-b9c4e30551f96826a0b067de4f35be3aa9e8b8164e88b934af8440946435d1f8.png]
[d3.do/assets/dancing-pavilion/common/logo_arch_daily-69a5c6008a829e5be47eca94c833b2f6bba883d45506e1e1a6f3acb74a2280d8.png]
[d3.do/assets/dancing-pavilion/common/logo_design_boom-24f7460d4344608a65950f3cfabf32a096dac649854e793533a3744990d296c9.png]
[d3.do/en/projects/dancingpavilion.html]
[d3.do/assets/zag/mobile/zag_project_01-4b0c53126b57a188f6dbfce64888250ffd637e78cfb10301d440e28714c1cab4.png]
[d3.do/assets/zag/mobile/zag_project_02-9cf22f0f733735e2890138227fc51712476dcc0a309eec3609b208a3b9dae898.png]
[d3.do/assets/zag/mobile/zag_project_03-5a2991b50ad38dcdbf9c28f4552aac59baf5eb629d28000a585224e49488f134.png]
[d3.do/video-zag-mobile/first.jpg]
[d3.do/assets/zag/mobile/zag_project_04-a0839933263835d0a3a83938803ff005803acdc34ec8f64f3f8acc5841c08713.png]
[d3.do/en/projects/zag.html]
[d3.do/teaser-google-mobile/first.jpg]
[d3.do/assets/google-photos/mobile/google_photos_project_01-4ba294894139954e5338d55f34ab5f93e54586ab6f47fa07752b39e68e695a95.png]
[d3.do/assets/google-photos/mobile/google_photos_project_02-af5e02de52ce44de01221a8e686effa9dfb527d1edb5765222ab367db18d177b.png]
[d3.do/assets/google-photos/mobile/google_photos_project_03-746d064de4239070ea02a9b0af08a2eb4f87890d0dd33dd2833aafeea0b6eec4.png]
[d3.do/video-google-mobile/first.jpg]
[d3.do/assets/google-photos/mobile/google_photos_project_04-6c06cf23cf4b4a6bc87c90a1f0a9374a4018339388b5fb1e1691a660969c975c.png]
[d3.do/assets/google-photos/mobile/google_photos_project_05-377a8ecb44f65c63f200015b7c6ab2adbcf921999fea751cc42dfee48c4a16d0.png]
[d3.do/assets/google-photos/common/logo_mesa_e_cadeira-6b63df553825cc8b7b75da6ee7015eb80d8d7ffcea894f700366052ea3704173.png]
[d3.do/assets/google-photos/common/logo_google-7ee3e49e8f7da198a5c39903594143520ce7579883375f2465151abf2d1d3fc9.png]
[d3.do/assets/google-photos/common/logo_samsung-ba473109acea7f7dfea94e2d1a0fab0384a8e5b7c292b3deb6b3cbf7f1839c17.png]
[d3.do/assets/google-photos/common/logo_fast_shop-822913ca16af6b4b6b56d57165f3b0db5c5a7bd0b75e3ac1d5c795a291de1330.png]
[d3.do/en/projects/googlephotos.html]
[d3.do/assets/fiat-safe-key/mobile/fiat_safe_key_project_01-638c9a302da348ea1b341a0c8c79048a1a8d62c91ca2c9ea43084418ef1e1f28.png]
[d3.do/video-fiat-mobile/first.jpg]
[d3.do/assets/fiat-safe-key/mobile/fiat_safe_key_project_02-0a84cd84fe5e912cc1d951b1048124f492f9e840eb8627b6d63fe65324af3212.png]
[d3.do/assets/fiat-safe-key/mobile/fiat_safe_key_project_03-74af6ac05b190085ec916a28adf832efb935550da3f8aaf69d18666d9ce8d79c.png]
[d3.do/assets/fiat-safe-key/mobile/fiat_safe_key_project_04-4002ba1b7edf514a8c170b8748c4ed4e30520537ddf01d76e93be4df72732391.jpg]
[d3.do/assets/fiat-safe-key/common/logo_isobar-3d34f62f4c477866693c60a9750c43fe6898b9d9c41d43adf43801f0c63bf9a0.png]
[d3.do/assets/fiat-safe-key/common/logo_fiat-e58da9ec3b9d050df68302ac3fb5a037499a3c210975d037bcabf80883069239.png]
[d3.do/en/projects/fiatsafekey.html]
[d3.do/teaser-spotify-desktop/first.jpg]
[d3.do/assets/spotify-vr/mobile/spotify_vr_project_01-d33956ebb06d8dc9f361f258a2e8c40e5b98cfcc40c19b44eb004282c6317232.png]
[d3.do/assets/spotify-vr/mobile/spotify_vr_project_02-4e32f2862d1c5b7a23b5552381ac7bb66bb2d82248acd1edd6428b2ac7a3c747.png]
[d3.do/video-spotify-desktop/first.jpg]
[d3.do/assets/spotify-vr/mobile/spotify_vr_project_03-be63637b3bc9640ff9d0447d9ced1ca4a8e85d46924c4970aedb67788c8763a1.png]
[d3.do/assets/spotify-vr/mobile/spotify_vr_project_04-0727a2fe8f05469e7082364c173bcf1905e573fd3be12f7c16148255816baf9d.png]
[d3.do/assets/spotify-vr/common/logo_spotify-0dbf3004d35a96b9bb24362dc5d6b7bee2c26bae0040e7708b6e31af2323b820.png]
[d3.do/assets/spotify-vr/common/logo_campus_party-67b4003e4af9924dfdc6472e986704fb47036a52c706f8bd2f6e8abb7e9fb9f3.png]
[d3.do/en/projects/spotifyvr.html]
[d3.do/teaser-aptd-desktop/first.jpg]
[d3.do/assets/aptd/mobile/aptd_project_01-f5bd4fef6f58ece73f1a2e8405edfbb7b942a73eef8577378ac89f968253ff23.png]
[d3.do/assets/aptd/mobile/aptd_project_02-919c774b7bfb68db949c7a41fe6b5a1b5c402affc116b077ef6741dc5d2a17ac.png]
[d3.do/video-aptd-desktop/first.jpg]
[d3.do/assets/aptd/mobile/aptd_project_03-190346b7631dc05122f33835e278912d86f4e9d1526ae1b84b8980b3306e9bd5.png]
[d3.do/assets/aptd/mobile/aptd_project_04-cf5ed6ff4ad9ed9cf71eb9b39e9559d7b361a82de0f7cad6ad5407674d8ae1c0.png]
[d3.do/assets/aptd/common/logo_coletivo-950ef847e300b57b40cbff15a4c0d79ba9b0fca79fc83bde1dbad052bafc89a4.png]
[d3.do/assets/aptd/common/logo_beijing_design_week-799a920dd9498d2340a8327372ddd11f5a5850b4f72bb47f1f9f1d65a326f540.png]
[d3.do/assets/aptd/common/logo_dubai_design_week-9b8a7dadc221122854c23598e9de51196032b496ba969e2ba90293da238abb0c.png]
[d3.do/en/projects/aplacetodeparture.html]
[d3.do/assets/bloom/mobile/bloom_project_01-43e9c95ceb8b41d4fdf16015ef6157368e18fecc604b9fea6edf4011ecece1db.png]
[d3.do/video-bloom-mobile/first.jpg]
[d3.do/assets/bloom/mobile/bloom_project_02-33afc324bff388f96a26a98eb7bba4f3f94924ee3c8a8c74d501d744a37632b1.png]
[d3.do/assets/bloom/mobile/bloom_project_03-4d3d94e2797b34645ef05cbd7bd18738d84639cc11d3fc35c7896dc79da16323.png]
[d3.do/assets/bloom/mobile/bloom_project_04-b4085dbed30cf915b19557ed602fdd31e5800a55faba101fe98098226e641717.png]
[d3.do/assets/bloom/mobile/bloom_project_05-c082eb4eac84d949e75e1fdbc3a2f3233faeff9ca6adbccc2d024c2c8e5121fb.png]
[d3.do/assets/bloom/mobile/bloom_project_06-3a39c49cc0c7993ac5ed01c46ec40565ea521081d8cc3e343cf9f52052e11d72.png]
[d3.do/assets/bloom/mobile/bloom_project_07-90cc6bdc226b5c5f5bb3e801b523b83d704ef527380a15cb991656b88f4379de.png]
[d3.do/assets/bloom/mobile/bloom_project_08-2ab4edcc7df62ac3a1b9745b111dfde2c303b168c442160ddedfd01bd7ef272e.png]
[d3.do/assets/bloom/mobile/bloom_project_09-4e2776fe30278aa0604937f490df09246bff01925ce97f891975bdd0e0ac25d3.png]
[d3.do/assets/bloom/common/logo_rock_in_rio-0afe964591a5aacdb9c092be943fac68934b5c6b762ecaf515157956cfa87f49.png]
[d3.do/en/projects/bloom.html]
[d3.do/cdn-cgi/l/email-protection.html]
[d3.do/br.html]
[fonts.googleapis.com/cssed4f.css]
[fonts.googleapis.com/cssd876.css]
[www.avi.do/index-2.html]
[fonts.googleapis.com/cssaaec.css]
[fonts.googleapis.com/css0d16.css]
[www.zagapp.com.br/assets/users-ed6b0bd565fbc4dbc2905017f345b2f6f78a746021d7f79985ead7a25d1cc907.css]
[www.zagapp.com.br/assets/logo_simple-4841cb16ae0d5b4e0bf8fd7d2db3dbf9bdc3eb5cabf461365c727cd2cc9b94e1.png]
[www.zagapp.com.br/users/sign_in.html]
[www.zagapp.com.br/assets/iphone_three_app-21ffed5331b61886f9e72858a6e3c5cf1bc78f1b23ac5a7358304f4231ade767.png]
[www.zagapp.com.br/users/account/company.html]
[www.zagapp.com.br/termos-de-uso-e-politica-de-privacidade.html]
[www.zagapp.com.br/cdn-cgi/l/email-protection.html]
[www.kcollector.com.br/xmlrpc.php]
[fonts.googleapis.com/css3336.css]
[www.kcollector.com.br/wp-content/plugins/wp-video-lightbox/index.html]
[www.kcollector.com.br/wp-content/themes/arlo/assets/css/blog.min5859.css]
[www.kcollector.com.br/wp-includes/js/mediaelement/mediaelementplayer-legacy.min45a0.css]
[www.kcollector.com.br/wp-includes/js/mediaelement/wp-mediaelement.min5859.css]
[www.kcollector.com.br/wp-json/oembed/1.0/embed73e8.json]
[www.kcollector.com.br/wp-json/oembed/1.0/embeddbfd]
[www.kcollector.com.br/wp-content/uploads/2017/11/leitura.png]
[www.kcollector.com.br/blog/amp/index.html]
[www.kcollector.com.br/wp-content/uploads/2017/12/20171213_183321.jpg]
[www.kcollector.com.br/wp-content/uploads/2017/11/conecta.png]
[www.kcollector.com.br/wp-content/uploads/2017/11/15-Startups-selecionadas-para-a-3-fase-da-1-jornada.png]
[www.facebook.com/treed0.gif]
[www.kcollector.com.br/blog/index.html]
[www.kcollector.com.br/contato/index.html]
[marketing.kcollector.com.br/mtracking2d0f.gif]
[www.kcollector.com.br/wp-json/oembed/1.0/embed8fae.json]
[www.kcollector.com.br/wp-json/oembed/1.0/embedf6f2]
[www.kcollector.com.br/wp-content/uploads/2016/05/title-image-pricing.jpg]
[www.kcollector.com.br/wp-content/uploads/2017/01/2.jpg]
[www.kcollector.com.br/wp-content/uploads/2017/01/1.jpg]
[www.kcollector.com.br/wp-content/uploads/2016/05/Menu-Confronto-136x300.png]
[www.kcollector.com.br/wp-content/uploads/2016/05/Grid-1024x209.png]
[www.kcollector.com.br/wp-content/uploads/2016/05/inserir-arquivo-300x125.png]
[www.kcollector.com.br/wp-content/uploads/2016/05/Carregando-1024x374.png]
[www.kcollector.com.br/wp-content/uploads/2016/05/Sucesso-1024x56.png]
[www.kcollector.com.br/wp-content/uploads/2016/05/Chave-da-nota-300x67.png]
[www.kcollector.com.br/wp-content/uploads/2016/05/Menu-novo-1-169x300.png]
[www.kcollector.com.br/wp-content/uploads/2016/05/inserir-chave-nota-150x150.png]
[www.kcollector.com.br/wp-content/uploads/2016/05/Xml-com-coleta-1024x204.png]
[www.kcollector.com.br/wp-content/uploads/2016/05/coletas-grade-1024x231.png]
[www.kcollector.com.br/wp-content/uploads/2016/05/Resultado-Confronto-1024x219.png]
[www.facebook.com/trcaa4.gif]
[www.kcollector.com.br/duvidas-frequentes/index.html]
[marketing.kcollector.com.br/mtrackingae3b.gif]
[www.kcollector.com.br/wp-json/oembed/1.0/embed6550.json]
[www.kcollector.com.br/wp-json/oembed/1.0/embed7783]
[www.facebook.com/tra9ec.gif]
[www.kcollector.com.br/contato/peca-o-seu-orcamento/amp/index.html]
[www.kcollector.com.br/contato/peca-o-seu-orcamento/index.html]
[marketing.kcollector.com.br/mtrackingbc09.gif]
[www.kcollector.com.br/wp-json/oembed/1.0/embed4b7a.json]
[www.kcollector.com.br/wp-json/oembed/1.0/embed8134]
[www.kcollector.com.br/wp-content/uploads/2017/05/OPTICON_PX-100_G-1024x1024.png]
[www.kcollector.com.br/leitores-usb-e-bluetooth/amp/index.html]
[www.kcollector.com.br/wp-content/uploads/2017/05/OPTICON_NLV-4001_C-1024x1024.png]
[www.kcollector.com.br/wp-content/uploads/2017/05/OPN-2001_top-552x1024.jpg]
[www.facebook.com/trc352.gif]
[www.kcollector.com.br/leitores-usb-e-bluetooth/index.html]
[www.kcollector.com.br/politica-de-privacidade/index.html]
[marketing.kcollector.com.br/mtracking2a89.gif]
[v2.zopim.com/index2418.html]
[talentify.io/i/icon/manifest.html]
[talentify.io/cdn-cgi/l/email-protection.html]
[www.zumpy.com.br/wp-json/oembed/1.0/embed5102.json]
[www.zumpy.com.br/wp-json/oembed/1.0/embede05f]
[www.zumpy.com.br/wp-content/uploads/2017/08/setablog.png]
[www.zumpy.com.br/wp-content/uploads/2017/04/img_2670-590x590.jpg]
[www.zumpy.com.br/wp-content/uploads/2017/03/Captura-de-Tela-2017-03-27-às-17.10.42-590x330.png]
[www.zumpy.com.br/wp-content/uploads/2017/01/12987032_618737488277460_9126744114450923427_n-590x523.png]
[www.zumpy.com.br/wp-content/uploads/2017/01/OBDRWE0-590x393.jpg]
[www.zumpy.com.br/wp-content/uploads/2017/01/iphone7-Mockup-009-590x404.png]
[www.zumpy.com.br/wp-content/uploads/2017/01/Rainbow14-01.png]
[www.zumpy.com.br/wp-content/uploads/2016/08/14199709_684405751710633_6757438883615545366_n.png]
[www.zumpy.com.br/blog-zumpy/index.html]
[www.zumpy.com.br/wp-content/uploads/2016/08/DIA-NACIONAL-DE-COMBATE-AO-FUMO-01.png]
[www.zumpy.com.br/wp-json/oembed/1.0/embed06bb.json]
[www.zumpy.com.br/wp-json/oembed/1.0/embed49a9]
[www.zumpy.com.br/contato/index.html]
[www.zumpy.com.br/wp-json/oembed/1.0/embed1fb9.json]
[www.zumpy.com.br/carros-levam-30-dos-passageiros-mas-respondem-por-73-das-emissoes-em-sp/feed/index.html]
[www.zumpy.com.br/wp-json/oembed/1.0/embed8f36]
[www.zumpy.com.br/wp-content/uploads/2017/08/goback_blog.png]
[infograficos.estadao.com.br/estaticos/sao-paulo/2017/05/23/mapaco2-1098px-100.jpg]
[www.zumpy.com.br/carros-levam-30-dos-passageiros-mas-respondem-por-73-das-emissoes-em-sp/index.html]
[img.estadao.com.br/resources/jpg/6/2/1495534728526.jpg]
[0.gravatar.com/avatar/indexf0a1.html]
[2.gravatar.com/avatar/indexf0a1.html]
[www.zumpy.com.br/wp-json/oembed/1.0/embedad83.json]
[www.zumpy.com.br/conomizar-dinheiro-com-seu-carro/feed/index.html]
[www.zumpy.com.br/conomizar-dinheiro-com-seu-carro/index.html]
[www.zumpy.com.br/wp-json/oembed/1.0/embed7d6b]
[1.gravatar.com/avatar/indexf0a1.html]
[www.zumpy.com.br/wp-json/oembed/1.0/embed7db4.json]
[www.zumpy.com.br/compartilhe-sua-rota-e-receba-caronas-de-forma-pratica-e-segura-com-o-zumpy/feed/index.html]
[www.zumpy.com.br/compartilhe-sua-rota-e-receba-caronas-de-forma-pratica-e-segura-com-o-zumpy/index.html]
[www.zumpy.com.br/wp-json/oembed/1.0/embedf875]
[www.zumpy.com.br/wp-json/oembed/1.0/embed85f0.json]
[www.zumpy.com.br/carona-segura-e-com-o-zumpy/feed/index.html]
[www.zumpy.com.br/zumpy-oferece-combustivel-de-qualidade-comprovada/index.html]
[www.zumpy.com.br/wp-json/oembed/1.0/embed9f60]
[www.zumpy.com.br/carona-segura-e-com-o-zumpy/index.html]
[www.longhathouse.com/games/index.html]
[www.zumpy.com.br/blog/wp-content/uploads/2017/04/Blog_02-filtros-de-seguranca-02.png]
[cdnjs.cloudflare.com/ajax/libs/uikit/1.2.0/css/uikit.gradient.min.css]
[www.longhathouse.com/press/images/header.png]
[www.longhathouse.com/press/images/lucas1.png]
[www.longhathouse.com/press/images/lucas2.png]
[www.longhathouse.com/press/images/prize.png]
[www.longhathouse.com/press/images/joao1.png]
[www.longhathouse.com/press/images/joao2.png]
[www.longhathouse.com/press/images/studio.png]
[www.longhathouse.com/press/images/logo.png]
[www.longhathouse.com/press/index.html]
[www.longhathouse.com/contact/index.html]
[www.longhathouse.com/newsletter/index.html]
[www.longhathouse.com/press/images/icon.png]
[www.weebly.com/uploads/reseller/assets/3463064824-favicon.ico]
[cdn2.editmysite.com/css/sitesf3bd.css]
[cdn2.editmysite.com/css/old/fancybox334e.css]
[cdn2.editmysite.com/css/social-icons823e.css]
[parknet.com.br/files/main_style119a.css]
[fonts.googleapis.com/csse730.css]
[fonts.googleapis.com/css4649.css]
[fonts.googleapis.com/css8a9a.css]
[parknet.com.br/uploads/6/8/9/3/68934681/1462825221.png]
[parknet.com.br/uploads/6/8/9/3/68934681/teste_2_orig.png]
[parknet.com.br/uploads/6/8/9/3/68934681/screenshot-20160905-222350-nexus5x-portrait_17588.png]
[parknet.com.br/uploads/6/8/9/3/68934681/screenshot-20160905-222636-nexus5x-portrait_orig.png]
[parknet.com.br/uploads/6/8/9/3/68934681/c-pia-de-parknet-shopping-lines-view-nexus6p-portrait158f.png]
[parknet.com.br/uploads/6/8/9/3/68934681/google-play-icone569.png]
[parknet.com.br/uploads/6/8/9/3/68934681/btn-app-store-em-breve92c8.png]
[parknet.com.br/uploads/6/8/9/3/68934681/dci4444444-300x132ca46.jpg]
[parknet.com.br/uploads/6/8/9/3/68934681/rictv-record-rutoska9b86.png]
[parknet.com.br/uploads/6/8/9/3/68934681/estadao-logo.png]
[parknet.com.br/uploads/6/8/9/3/68934681/tv-globo-internacional-2011903c.png]
[parknet.com.br/uploads/6/8/9/3/68934681/logo-zero-hora1.png]
[parknet.com.br/uploads/6/8/9/3/68934681/Jump_park_jump-parkca46.png]
[pixel.quantserve.com/pixel/p-0dYLvhSGGqUWob0a3.gif]
[parknet.com.br/index-2.html]
[platform-api.sharethis.com/index.html]
[www.syligo.com/wp-content/themes/xone/includes/custom-style5152.css]
[fonts.googleapis.com/cssa461.css]
[www.syligo.com/index4448.html]
[www.syligo.com/wp-json/oembed/1.0/embed1277.json]
[www.syligo.com/wp-json/oembed/1.0/embed1007]
[syligo1.tempsite.ws/wp-content/uploads/2016/04/part.jpg]
[syligo1.tempsite.ws/wp-content/uploads/2016/04/1-1.png]
[syligo1.tempsite.ws/wp-content/uploads/2016/04/2.png]
[syligo1.tempsite.ws/wp-content/uploads/2016/04/3.png]
[syligo1.tempsite.ws/wp-content/uploads/2016/04/4.png]
[syligo1.tempsite.ws/wp-content/uploads/2016/04/5.png]
[syligo1.tempsite.ws/wp-content/uploads/2016/04/6.png]
[www.syligo.com/wp-content/uploads/2016/05/rodrigo.jpg]
[www.syligo.com/wp-content/uploads/2016/05/eduardo.jpg]
[www.syligo.com/wp-content/uploads/2016/05/silvio.jpg]
[www.syligo.com/wp-content/uploads/2016/05/erich.jpg]
[www.syligo.com/wp-content/uploads/2016/05/gustavo.jpg]
[www.syligo.com/wp-content/uploads/2016/05/bruno.jpg]
[www.syligo.com/team/index.html]
[www.syligo.com/wp-json/oembed/1.0/embed642d]
[syligo1.tempsite.ws/wp-content/uploads/2016/04/logo_spen-1.png]
[syligo1.tempsite.ws/wp-content/uploads/2016/04/logo_homest.png]
[syligo1.tempsite.ws/wp-content/uploads/2016/04/logo_zerocigarro.png]
[www.syligo.com/ourwork/index.html]
[www.syligo.com/wp-content/uploads/2015/07/logo.oval_.png]
[www.syligo.com/wp-content/uploads/2014/07/Facebook.png]
[www.syligo.com/blog/index.html]
[www.syligo.com/wp-json/oembed/1.0/embedec53.json]
[www.syligo.com/contact/index.html]
[www.syligo.com/indexc766.html]
[www.syligo.com/wp-json/oembed/1.0/embed5967]
[linceapp.com.br/images/place/how_it_works/lupa-pesquisa.png]
[linceapp.com.br/images/place/how_it_works/pin.png]
[linceapp.com.br/images/place/how_it_works/estrela.png]
[linceapp.com.br/images/place/how_it_works/suporte.png]
[linceapp.com.br/images/place/how_it_works/lista-resultados.png]
[linceapp.com.br/images/place/how_it_works/personalizacao.png]
[linceapp.com.br/images/place/how_it_works/relogio.png]
[linceapp.com.br/images/place/how_it_works/calendario.png]
[linceapp.com.br/images/place/how_it_works/tags.png]
[linceapp.com.br/images/place/how_it_works/cartao.png]
[linceapp.com.br/images/place/how_it_works/cadeado.png]
[linceapp.com.br/images/place/how_it_works/email.png]
[linceapp.com.br/images/place/how_it_works/liberdade.png]
[linceapp.com.br/como-funciona.html]
[linceapp.com.br/seja-parceiro.html]
[linceapp.com.br/termos-e-condicoes-de-uso.html]
[linceapp.com.br/politica-de-privacidade.html]
[esites.pro/xmlrpc.php]
[esites.pro/wp-json/index.html]
[esites.pro/wp-json/oembed/1.0/embedf58b.json]
[esites.pro/wp-json/oembed/1.0/embed01d8]
[esites.pro/wp-content/uploads/2017/02/advogado-03-dark-448x415e4ec.jpg]
[esites.pro/wp-content/uploads/2017/02/advogado-06-dark-new-448x415e4ec.jpg]
[esites.pro/wp-content/uploads/2017/02/advogado-07-dark-new-448x415e4ec.jpg]
[esites.pro/wp-content/uploads/2017/02/advogado-09-448x415e4ec.jpg]
[esites.pro/wp-content/uploads/2017/02/advogado-Screen-1-450x373e4ec.png]
[esites.pro/wp-content/uploads/2017/02/advogado-Screen-2-450x373e4ec.png]
[esites.pro/wp-content/uploads/2017/02/advogado-Screen-3-450x354e4ec.png]
[esites.pro/wp-content/uploads/2017/02/advogado--450x354e4ec.png]
[esites.pro/wp-content/uploads/2017/02/hr-jobdoor-330x382e4ec.jpg]
[esites.pro/wp-content/uploads/2017/02/hr-Job-Secure-330x382e4ec.png]
[esites.pro/wp-content/uploads/2017/02/hr-jobstack-330x382e4ec.png]
[esites.pro/wp-content/uploads/2017/02/hr-NextP20Job-330x382e4ec.jpg]
[esites.pro/wp-content/uploads/2017/02/hr-recuriter-330x382e4ec.png]
[esites.pro/wp-content/uploads/2017/02/hr-RTL-330x382e4ec.jpg]
[esites.pro/wp-content/uploads/2017/02/hr-career-bakery-330x382e4ec.png]
[esites.pro/wp-content/uploads/2017/02/hr-Front-Desk-330x382e4ec.png]
[esites.pro/wp-content/uploads/2017/02/classificados-automotivos-450x328e4ec.jpg]
[esites.pro/wp-content/uploads/2017/02/concessionária-450x327e4ec.jpg]
[esites.pro/wp-content/uploads/2017/02/loja-de-barcos-450x328e4ec.jpg]
[esites.pro/wp-content/uploads/2017/02/loja-de-motos-450x327e4ec.jpg]
[esites.pro/wp-content/uploads/2017/02/oficina-mecanica-450x328e4ec.jpg]
[esites.pro/wp-content/uploads/2017/02/aluguel-de-carros-450x327e4ec.jpg]
[esites.pro/wp-content/uploads/2017/02/00_preview.__large_preview-450x229e4ec.jpg]
[esites.pro/wp-content/uploads/2017/02/theme_preview.__large_preview-450x229e4ec.png]
[esites.pro/wp-content/uploads/2017/03/seguradora-geral-1-450x591e4ec.png]
[esites.pro/wp-content/uploads/2017/02/01_preview.__large_preview-450x229e4ec.jpg]
[esites.pro/wp-content/uploads/2017/02/Preview.__large_preview-450x229e4ec.png]
[esites.pro/wp-content/uploads/2017/02/seguradora-geral-2-450x498e4ec.jpg]
[esites.pro/wp-content/uploads/2017/02/seguro-saude-450x498e4ec.jpg]
[esites.pro/wp-content/uploads/2017/02/medico-horizontal-left-menu-450x450e4ec.jpg]
[esites.pro/wp-content/uploads/2017/02/medico-centered-menu-450x450e4ec.jpg]
[esites.pro/wp-content/uploads/2017/02/psic-screenshot-4-450x450e4ec.jpg]
[esites.pro/wp-content/uploads/2017/02/medico-screenshot-5-450x450e4ec.jpg]
[esites.pro/wp-content/uploads/2017/02/medico-screenshot-1-450x450e4ec.png]
[esites.pro/wp-content/uploads/2017/02/vet-screenshot-3-450x450e4ec.png]
[esites.pro/wp-content/uploads/2017/02/foto-lightdemo-450x297e4ec.jpg]
[esites.pro/wp-content/uploads/2017/02/foto-slideshow-450x297e4ec.jpg]
[esites.pro/wp-content/uploads/2017/02/foto-v_home_dark-450x297e4ec.jpg]
[esites.pro/wp-content/uploads/2017/02/foto-v_home_light-450x297e4ec.jpg]
[esites.pro/wp-content/uploads/2017/02/foto-freelancer-450x297e4ec.jpg]
[esites.pro/wp-content/uploads/2017/02/arc-landing-image-home-11-450x485e4ec.jpg]
[esites.pro/wp-content/uploads/2017/02/arc-landing-image-home-13-450x485e4ec.jpg]
[esites.pro/wp-content/uploads/2017/02/arc-left-menu-landing-image-a-450x485e4ec.jpg]
[esites.pro/wp-content/uploads/2017/02/arc-portfolio-gallery-landing-image-a-450x485e4ec.jpg]
[esites.pro/wp-content/uploads/2017/02/arc-portfolio-tiles-landing-image-a-450x485e4ec.jpg]
[esites.pro/wp-content/uploads/2017/02/arc-furniture-store-landing-image-a-450x485e4ec.jpg]
[esites.pro/wp-content/uploads/2017/02/arc-home-decor-landing-image-a-450x485e4ec.jpg]
[esites.pro/wp-content/uploads/2017/02/arc-poster.__large_preview-450x229e4ec.jpg]
[esites.pro/wp-content/uploads/2017/07/rome_demo-450x435e4ec.jpg]
[esites.pro/wp-content/uploads/2017/07/sidney_demo-450x435e4ec.jpg]
[esites.pro/wp-content/uploads/2017/07/tokyo_demo-450x435e4ec.jpg]
[esites.pro/wp-content/uploads/2017/07/demo1-450x435e4ec.jpg]
[esites.pro/wp-content/uploads/2017/07/demo2-450x435e4ec.jpg]
[esites.pro/wp-content/uploads/2017/07/demo3-450x435e4ec.jpg]
[esites.pro/wp-content/uploads/2017/07/demo5-450x435e4ec.jpg]
[esites.pro/wp-content/uploads/2017/07/london_demo-450x435e4ec.jpg]
[esites.pro/wp-content/uploads/2017/07/losangeles_demo-450x435e4ec.jpg]
[esites.pro/wp-content/uploads/2017/07/main-demo-1-450x435e4ec.jpg]
[esites.pro/wp-content/uploads/2017/07/newyork_demo-450x435e4ec.jpg]
[esites.pro/wp-content/uploads/2017/07/paris_demo-450x435e4ec.jpg]
[esites.pro/wp-content/uploads/2017/07/rio_demo-450x435e4ec.jpg]
[esites.pro/wp-content/uploads/2017/02/imob-real-estate1-400x300e4ec.jpg]
[esites.pro/wp-content/uploads/2017/02/salao-1-300x300e4ec.jpg]
[esites.pro/wp-content/uploads/2017/02/salao-2-300x300e4ec.jpg]
[esites.pro/wp-content/uploads/2017/02/salao-3-300x300e4ec.jpg]
[esites.pro/wp-content/uploads/2017/02/salao-4-300x300e4ec.jpg]
[esites.pro/wp-content/uploads/2017/02/salao-5-300x300e4ec.jpg]
[esites.pro/wp-content/uploads/2017/02/salao-6-300x300e4ec.jpg]
[esites.pro/wp-content/uploads/2017/02/salao-Screen-1-450x523e4ec.jpg]
[esites.pro/wp-content/uploads/2017/02/salao-Screen-2-450x523e4ec.jpg]
[esites.pro/wp-content/uploads/2017/02/salao-Screen-3-450x523e4ec.jpg]
[esites.pro/wp-content/uploads/2017/02/salao-Screen-4-450x523e4ec.jpg]
[esites.pro/wp-content/uploads/2017/02/salao-Screen-5-450x523e4ec.jpg]
[esites.pro/wp-content/uploads/2017/02/thumbnails-22-450x405e4ec.jpg]
[esites.pro/wp-content/uploads/2017/02/eletric-demo1-450x405e4ec.jpg]
[esites.pro/wp-content/uploads/2017/02/construc-fullpage-450x405e4ec.jpg]
[esites.pro/wp-content/uploads/2017/02/construc-thumbnails-21-450x405e4ec.jpg]
[esites.pro/wp-content/uploads/2017/02/construc-thumbnails-5-450x405e4ec.jpg]
[esites.pro/wp-content/uploads/2017/02/construc-landing-image-home-10-450x485e4ec.jpg]
[esites.pro/wp-content/uploads/2017/02/dentista-home02-450x438e4ec.jpg]
[esites.pro/wp-content/uploads/2017/02/dentista-home01-450x438e4ec.jpg]
[esites.pro/wp-content/uploads/2017/02/dentista-home5-1-450x438e4ec.jpg]
[esites.pro/wp-content/uploads/2017/02/dentista-home4-1-450x438e4ec.jpg]
[esites.pro/wp-content/uploads/2017/02/dentista-home03-450x438e4ec.jpg]
[esites.pro/wp-content/uploads/2017/02/screenshot-2-450x450e4ec.png]
[esites.pro/escolher-site/index.html]
[esites.pro/wp-json/oembed/1.0/embed2805.json]
[esites.pro/wp-json/oembed/1.0/embedf6c4]
[esites.pro/wp-content/uploads/2017/07/exemplo-planejador-de-palavras-chavee4ec.jpg]
[esites.pro/wp-content/uploads/2017/07/Exemplo-Audiencia-geral-e-adw-CPC-Conversões-Destaque-nos-usuários-20161115-20170215e4ec.jpg]
[esites.pro/wp-content/uploads/2017/07/relatorio-adwords-display-pesquisae4ec.jpg]
[esites.pro/wp-content/uploads/2017/07/Exemplo-Conversoes-Adwords-usuários-custo-kw-dias-20161017-20170331e4ec.jpg]
[esites.pro/adwords/index.html]
[esites.pro/wp-json/oembed/1.0/embed796e.json]
[esites.pro/wp-json/oembed/1.0/embedfa84]
[esites.pro/wp-content/uploads/2017/06/sitemap-xmle4ec.jpg]
[esites.pro/wp-content/uploads/2017/06/webmaster-toolse4ec.jpg]
[esites.pro/wp-content/uploads/2017/06/title-description-tagse4ec.jpg]
[esites.pro/producao-de-conteudo-navegacao-ux/index.html]
[esites.pro/wp-json/oembed/1.0/embed6179.json]
[esites.pro/wp-json/oembed/1.0/embed7b6f]
[esites.pro/wp-content/uploads/2017/06/erros-404e4ec.jpg]
[esites.pro/wp-content/uploads/2017/06/redirecionamentose4ec.jpg]
[esites.pro/wp-content/uploads/2017/06/remover-urls-450x214e4ec.jpg]
[esites.pro/migracao/index.html]
[usebikeapp.com/xmlrpc.37c.delayed]
[usebikeapp.com/wp-content/plugins/wysija-newsletters/css/validationEngine.jquery1102.css]
[usebikeapp.com/wp-content/themes/astrid/css/bootstrap/bootstrap.min68b3.css]
[usebikeapp.com/wp-content/plugins/appbanners/lib/smartbanner/jquery.smartbanner.min5859.css]
[usebikeapp.com/wp-content/themes/astrid/style5859.css]
[usebikeapp.com/comments/feed/index9ed2.html]
[usebikeapp.com/wp-content/themes/astrid/fonts/font-awesome.min5859.css]
[usebikeapp.com/wp-content/plugins/jetpack/css/jetpackd96d.css]
[usebikeapp.com/feed/index9ed2.html]
[usebikeapp.com/xmlrpc0db0.php]
[usebikeapp.com/wp-includes/wlwmanifest.xml]
[usebikeapp.com/wp-json/index.html]
[usebikeapp.com/wp-json/oembed/1.0/embed13a1.json]
[usebikeapp.com/wp-json/oembed/1.0/embed17af]
[i2.wp.com/usebikeapp.com/wp-content/uploads/2016/10/cropped-USEBIKE_marca_estudos_160810_2-087398.png]
[i2.wp.com/usebikeapp.com/wp-content/uploads/2016/10/cropped-USEBIKE_marca_estudos_160810_2-08ff94.png]
[i2.wp.com/usebikeapp.com/wp-content/uploads/2016/10/cropped-USEBIKE_marca_estudos_160810_2-08fd20.png]
[i2.wp.com/usebikeapp.com/wp-content/uploads/2016/10/cropped-USEBIKE_marca_estudos_160810_2-09fc6e.png]
[usebikeapp.com/wp-content/uploads/2016/03/cropped-canstockphoto27674664_filtro2-2.png]
[usebikeapp.com/wp-content/uploads/2016/03/canstockphoto27674664_filtro1_mobile.png]
[i0.wp.com/usebikeapp.com/wp-content/uploads/2016/03/banner-play-store73d9.png]
[i2.wp.com/usebikeapp.com/wp-content/uploads/2016/03/banner-app-store73d9.png]
[i0.wp.com/usebikeapp.com/wp-content/uploads/2016/11/workflow_rota273d9.png]
[i1.wp.com/usebikeapp.com/wp-content/uploads/2016/11/workflow_pontosdeinteresse373d9.png]
[i2.wp.com/usebikeapp.com/wp-content/uploads/2016/11/workflow_colaboracao273d9.png]
[i2.wp.com/usebikeapp.com/wp-content/uploads/2016/02/LOGO-MILK-e145709914616936bf.png]
[i0.wp.com/usebikeapp.com/wp-content/uploads/2016/03/Logo-Hatchr249f0.png]
[i0.wp.com/usebikeapp.com/wp-content/uploads/2016/03/logo_FBstart31670.png]
[i1.wp.com/usebikeapp.com/wp-content/uploads/2016/11/Logo_mobilabfc0f.png]
[i0.wp.com/usebikeapp.com/wp-content/uploads/2017/10/E64C828F7B0db1.jpg]
[i0.wp.com/usebikeapp.com/wp-content/uploads/2016/05/Panel-2-MarkVand-der-Net-Marco-Contardi-Ricardo-Ruiz-Clarisse-Linke-e-Luciana-Nery0db1.jpg]
[i2.wp.com/usebikeapp.com/wp-content/uploads/2016/05/abradibi-usebike-destaque0db1.jpg]
[i2.wp.com/cdn.mxpnl.com/site_media/images/partner/badge_light73d9.png]
[usebikeapp.com/wp-content/plugins/pirate-forms/public/css/fronta1ec.css]
[usebikeapp.com/index9ed2.html]
[fonts.googleapis.com/csse3e5.css]
[fonts.googleapis.com/cssb033.css]
[www.urbapp.com.br/index-2.html]
[www.urbapp.com.br/img/padrao/aplicationUS.png]
[www.urbapp.com.br/index_us.html]
[gmpg.org/xfn/.html]
[gmpg.org/xfn/intro.html]
[gmpg.org/xfn/faq.html]
[fonts.googleapis.com/css0d16.css]
[www.kcollector.com.br/index77ce.html]
[www.kcollector.com.br/blog/amp/index.html]
[www.kcollector.com.br/indexfb9a.html]
[www.kcollector.com.br/indexc52f.html]
[www.kcollector.com.br/contato/peca-o-seu-orcamento/amp/index.html]
[www.kcollector.com.br/indexe686.html]
[www.kcollector.com.br/leitores-usb-e-bluetooth/amp/index.html]
[www.zumpy.com.br/index3ba0.html]
[www.zumpy.com.br/index47f2.html]
[www.zumpy.com.br/indexec81.html]
[www.zumpy.com.br/index2206.html]
[www.zumpy.com.br/indexc2ef.html]
[www.zumpy.com.br/zumpy-oferece-combustivel-de-qualidade-comprovada/index.html]
[www.zumpy.com.br/index221f.html]
[fonts.googleapis.com/csse730.css]
[fonts.googleapis.com/css4649.css]
[fonts.googleapis.com/css8a9a.css]
[www.syligo.com/index7896.html]
[www.syligo.com/index2df4.html]
[www.syligo.com/index64b4.html]
[esites.pro/index2349.html]
[esites.pro/index6b08.html]
[esites.pro/index6093.html]
[esites.pro/indexb347.html]
[usebikeapp.com/xmlrpc.php]
[s0.wp.com/index.html]
[v0.wordpress.com/index.html]
[www.syligo.com/wp-json/oembed/1.0/embed4add]
[i0.wp.com/index.html]
[i1.wp.com/index.html]
[i2.wp.com/index.html]
[bat.bing.com/action/0cfb2.html]
[use.typekit.net/ik/4RkmbInfcpDPbLg_yEHS_pLCkoIjKLP3CYDA3UGY8KXfe0vgfVHDKMwPH2jXwRqUFDgLwD485QgqFRbkZeZyZQMk5ebaFQjoZRMtZA93jA48wQ6-5fG0jWg3Ze80Ze80OcFzdPoKSKUySYgq-Aoq-At0jhNlOc4kOYiaikoySYgq-Aoq-]
[www.appdindin.com.br/index.html]
[cdnjs.cloudflare.com/ajax/libs/modernizr/2.8.3/modernizr.min.js]
[travellrsapp.com/favicon.html]
[travellrsapp.com/node_modules/bootstrap/dist/css/bootstrap.min.css]
[travellrsapp.com/node_modules/font-awesome/css/font-awesome.min.css]
[travellrsapp.com/css/style.css]
[appdindin.com.br/museconfig.html]
[appdindin.com.br/jquery.musepolyfill.bgsize.html]
[appdindin.com.br/jquery.watch.html]
[d3.do/share_image.jpg]
[appdindin.com.br/webpro.html]
[d3.do/assets/application-967acf680e0a33dd77cd22cf7eba72123c31f74d8c6c21fbb330deb2bd3d6d5f.js]
[appdindin.com.br/musewpslideshow.html]
[www.avi.do/js/jquery.js]
[appdindin.com.br/jquery.museoverlay.html]
[www.avi.do/js/plugins.js]
[appdindin.com.br/touchswipe.html]
[www.avi.do/js/video-js/video.min.js]
[appdindin.com.br/jquery.musemenu.html]
[www.avi.do/js/hls.min.js]
[appdindin.com.br/musewpdisclosure.html]
[www.avi.do/js/videojs-contrib-hlsjs.js]
[appdindin.com.br/jquery.museresponsive.html]
[www.avi.do/js/hyphenate.js]
[appdindin.com.br/require.html]
[www.avi.do/js/dash.all.min.js]
[www.avi.do/js/videojs-dash.min.js]
[www.appdindin.com.br/css/site_global7aee.css]
[www.appdindin.com.br/css/master_home-masterae35.css]
[www.avi.do/images/slider/swiper/1.jpg]
[www.appdindin.com.br/css/indexf8b8.css]
[www.appdindin.com.br/index-2.html]
[www.avi.do/images/logo.png]
[www.avi.do/images/logo@2x.png]
[appdindin.com.br/jquery-1.8.3.min.html]
[www.avi.do/images/equipe.jpg]
[www.artics.com.br/css/layerslider.css]
[www.avi.do/images/parallax/3.jpg]
[www.artics.com.br/css/settings.css]
[www.avi.do/images/slider/swiper/3.jpg]
[www.artics.com.br/css/style.css]
[www.avi.do/images/icons/discordapp.png]
[www.artics.com.br/css/plugins.min.css]
[www.avi.do/js/functions.js]
[www.artics.com.br/css/modules.min.css]
[rec.getsmartlook.com/bundle.js]
[www.artics.com.br/css/font-awesome.min.css]
[www.zagapp.com.br/assets/favicons/manifest-641bfbf4f47bd25565c49ad31c3d69f4fc424163b26e5599a0d08464764891f3.json]
[www.artics.com.br/css/style.min.css]
[www.zagapp.com.br/assets/cover-53fd2f30b2dfe6eac3e5b27361df4edf4325c3b304c115f924bdbe4f7aa7d326.png]
[www.artics.com.br/css/ionicons.min.css]
[www.artics.com.br/css/style_1.css]
[www.zagapp.com.br/assets/iphone_app-70f5f4d66a91ec91c5e07acacce7da5ffb0a8ac3e6b9ecdb438bcafeed9f8a84.png]
[www.artics.com.br/css/simple-line-icons.css]
[www.zagapp.com.br/assets/iphone_feature_1-732dfcd1df2844cee072fbe215b3ddd65743b401052d9dfb9bb4facaeecff0ad.png]
[www.artics.com.br/css/dripicons.css]
[www.zagapp.com.br/assets/iphone_feature_2-ccafd6a063e2f00c4c078e7f6acf6edb8d8e3492b43a3d45c03badf60679e7df.png]
[www.artics.com.br/css/modules-responsive.min.css]
[www.zagapp.com.br/assets/iphone_feature_3-bf8f7e682dd4ce77082ea8d386ee8923fc4baf0083a681357e6261d5aec14064.png]
[www.artics.com.br/css/blog-responsive.min.css]
[d3.do/favicon-32x32.png]
[www.zagapp.com.br/assets/home/index-e966300b737a2eb6055ef49dda99b6ededb249ef4108699f61bdf25dc18c70fa.js]
[www.artics.com.br/css/style_dynamic_responsive.css]
[d3.do/favicon-16x16.png]
[www.zagapp.com.br/assets/iphone_feature_4-1db161add6f6702c6de5486548e7deaf77eb813501791a53cbd30a4bfb9be44c.png]
[www.artics.com.br/css/style_dynamic.css]
[www.zagapp.com.br/assets/mackbook_admin-full1-b666e9814c663ca8c9fb35c084e11b68eb8e783ea3ca89fcebb487b6e9e844b6.png]
[www.artics.com.br/css/js_composer.min.css]
[www.kcollector.com.br/comments/feed/index.html]
[www.kcollector.com.br/feed/index.html]
[www.artics.com.br/css/css.css]
[www.kcollector.com.br/wp-content/plugins/flowplayer6-video-player/lib/flowplayer.min5859.js]
[www.kcollector.com.br/wp-json/index.html]
[www.artics.com.br/wp-includes/wlwmanifest.html]
[www.kcollector.com.br/wp-json/oembed/1.0/embed9119.json]
[www.artics.com.br/css/animate.min.css]
[ribon-landing.herokuapp.com/assets/google-play-00ff1bb43d0a271618cd1f626e0530c4e9efb344058b85744e569306c93ecc42.svg]
[marketing.kcollector.com.br/mtrackinge83f.gif]
[ribon-landing.herokuapp.com/assets/application-213a7eaff33d51e5e806dcedcf01db200a468593b18f98a358061cf07694fa62.css]
[www.kcollector.com.br/wp-content/themes/arlo/assets/js/third-party.min5859.js]
[talentify.io/favicon3860.ico]
[talentify.io/i/site/client_saks.png]
[talentify.io/i/site/client_garrancho.png]
[talentify.io/image/inst/priscilla.png]
[d3.do/assets/application-f85bfa7319229a8ccc3c77e45283c8e4bfcb3f2e8aa25142ab8e690de35bd099.css]
[talentify.io/image/inst/erika-01.png]
[talentify.io/image/inst/denise-01.png]
[talentify.io/js/site430c.js]
[fonts.googleapis.com/cssd876.css]
[www.avi.do/css/bootstrap.css]
[www.zumpy.com.br/wp-json/index.html]
[www.avi.do/style.css]
[www.avi.do/css/dark.css]
[teste1136.tempsite.ws/wp-content/uploads/2017/08/iphones.png]
[www.avi.do/css/font-icons.css]
[code.jquery.com/jquery-3.2.1.min.js]
[www.avi.do/css/animate.css]
[www.avi.do/css/magnific-popup.css]
[www.avi.do/css/responsive.css]
[www.longhathouse.com/facebook_longhathouse.png]
[www.avi.do/js/video-js/video-js.min.css]
[www.avi.do/index-2.html]
[d335luupugsy2.cloudfront.net/js/loader-scripts/1f1d3963-8501-49fb-b903-6a2898052ccc-loader.js]
[www.longhathouse.com/logo.png]
[syligo1.tempsite.ws/wp-content/uploads/2016/04/business.png]
[syligo1.tempsite.ws/wp-content/uploads/2016/04/computer.png]
[syligo1.tempsite.ws/wp-content/uploads/2016/04/logohome-1.png]
[platform-api.sharethis.com/js/sharethis.js]
[www.syligo.com/feed/index.html]
[www.syligo.com/comments/feed/index.html]
[www.syligo.com/wp-content/uploads/2016/04/parceria-1.jpg]
[www.syligo.com/wp-json/index.html]
[esites.pro/feed/index.html]
[esites.pro/comments/feed/index.html]
[www.zagapp.com.br/cover.html]
[www.zagapp.com.br/assets/favicons/safari-pinned-tab-acfea844d05b9e43486bb1bd45c0da26514a7e0cded5ee144e2aa0f1bfe39a32.svg]
[fonts.googleapis.com/cssaaec.css]
[www.zagapp.com.br/assets/home-547857ea8162563f275e1f7bb26177313761f16b64d313978491c3b72b8c7b4c.css]
[www.zagapp.com.br/assets/graph-admin-28568c8c7e12dc868695131001c1aaf6cf7065eece47a29c65ce8c1878fb3c8e.svg]
[d3.do/video-aura-desktop/first.jpg]
[d3.do/assets/aura/mobile/aura_project_01-5b5d2d54f07f4faedcd02ff6f1df6712177401bad4116564585ee40094b9c57e.jpg]
[d3.do/assets/aura/mobile/aura_project_02_en-42d9e356e330532dd43adcb14e8583db172c60d8410127f83c18a4fa1cb669bc.jpg]
[d3.do/video-aura-app/first.jpg]
[d3.do/assets/aura/mobile/aura_project_03-ae182cbaee107df06945b5880a03dcb7fec20ba56480c991e14e908b4c332773.png]
[d3.do/teaser-dancing-pavilion-desktop/first.jpg]
[d3.do/assets/dancing-pavilion/mobile/dancing_pavilion_project_01-49524fe1a012bd3f878b86886051a3b3c9e55dec2dacce12463008a9987ff728.jpg]
[d3.do/assets/dancing-pavilion/mobile/dancing_pavilion_project-b74264c1bef4f4e2d016da6c1fd619f4d0eb6d67596759db1ee33356c14f617c.gif]
[d3.do/assets/dancing-pavilion/mobile/dancing_pavilion_project_03-754146da9e33ffbb1295d3dcdd4a9e134498026d4cbf67f14e507719006fbc87.jpg]
[d3.do/assets/dancing-pavilion/mobile/dancing_pavilion_project_02-c4495c4b24bf045cba9917715d4930170f41e6cc25a74db54524304894606b09.png]
[d3.do/assets/dancing-pavilion/mobile/dancing_pavilion_project_04-84d5c035748b10e9cf9c7e2f68b3256c4072777148aa33e19f0f01e548e47b54.png]
[d3.do/assets/zag/mobile/zag_project_02-9cf22f0f733735e2890138227fc51712476dcc0a309eec3609b208a3b9dae898.png]
[www.kcollector.com.br/wp-content/plugins/wp-video-lightbox/css/prettyPhoto5859.css]
[d3.do/assets/zag/mobile/zag_project_03-5a2991b50ad38dcdbf9c28f4552aac59baf5eb629d28000a585224e49488f134.png]
[www.kcollector.com.br/wp-content/plugins/wp-video-lightbox/wp-video-lightbox5859.css]
[d3.do/video-zag-mobile/first.jpg]
[d3.do/assets/zag/mobile/zag_project_04-a0839933263835d0a3a83938803ff005803acdc34ec8f64f3f8acc5841c08713.png]
[d3.do/teaser-google-mobile/first.jpg]
[www.kcollector.com.br/wp-content/plugins/contact-form-7/includes/css/styles20fd.css]
[d3.do/assets/google-photos/mobile/google_photos_project_01-4ba294894139954e5338d55f34ab5f93e54586ab6f47fa07752b39e68e695a95.png]
[d3.do/assets/google-photos/mobile/google_photos_project_02-af5e02de52ce44de01221a8e686effa9dfb527d1edb5765222ab367db18d177b.png]
[d3.do/assets/google-photos/mobile/google_photos_project_03-746d064de4239070ea02a9b0af08a2eb4f87890d0dd33dd2833aafeea0b6eec4.png]
[www.kcollector.com.br/wp-content/plugins/flowplayer6-video-player/lib/skin/skin5859.css]
[d3.do/video-google-mobile/first.jpg]
[www.kcollector.com.br/wp-content/plugins/revslider/public/assets/css/settings5223.css]
[d3.do/assets/google-photos/mobile/google_photos_project_04-6c06cf23cf4b4a6bc87c90a1f0a9374a4018339388b5fb1e1691a660969c975c.png]
[d3.do/assets/google-photos/mobile/google_photos_project_05-377a8ecb44f65c63f200015b7c6ab2adbcf921999fea751cc42dfee48c4a16d0.png]
[www.kcollector.com.br/wp-content/themes/arlo/style5859.css]
[d3.do/assets/fiat-safe-key/mobile/fiat_safe_key_project_01-638c9a302da348ea1b341a0c8c79048a1a8d62c91ca2c9ea43084418ef1e1f28.png]
[www.kcollector.com.br/wp-content/themes/arlo/assets/css/plugins.min5859.css]
[d3.do/video-fiat-mobile/first.jpg]
[d3.do/assets/fiat-safe-key/mobile/fiat_safe_key_project_02-0a84cd84fe5e912cc1d951b1048124f492f9e840eb8627b6d63fe65324af3212.png]
[www.kcollector.com.br/wp-content/themes/arlo/assets/css/modules.min5859.css]
[d3.do/assets/fiat-safe-key/mobile/fiat_safe_key_project_04-4002ba1b7edf514a8c170b8748c4ed4e30520537ddf01d76e93be4df72732391.jpg]
[d3.do/teaser-spotify-desktop/first.jpg]
[d3.do/assets/spotify-vr/mobile/spotify_vr_project_01-d33956ebb06d8dc9f361f258a2e8c40e5b98cfcc40c19b44eb004282c6317232.png]
[www.kcollector.com.br/wp-content/themes/arlo/assets/css/font-awesome/css/font-awesome.min5859.css]
[d3.do/assets/spotify-vr/mobile/spotify_vr_project_02-4e32f2862d1c5b7a23b5552381ac7bb66bb2d82248acd1edd6428b2ac7a3c747.png]
[www.kcollector.com.br/wp-content/themes/arlo/assets/css/elegant-icons/style.min5859.css]
[d3.do/video-spotify-desktop/first.jpg]
[d3.do/assets/spotify-vr/mobile/spotify_vr_project_03-be63637b3bc9640ff9d0447d9ced1ca4a8e85d46924c4970aedb67788c8763a1.png]
[www.kcollector.com.br/wp-content/themes/arlo/assets/css/ion-icons/css/ionicons.min5859.css]
[d3.do/assets/spotify-vr/mobile/spotify_vr_project_04-0727a2fe8f05469e7082364c173bcf1905e573fd3be12f7c16148255816baf9d.png]
[d3.do/teaser-aptd-desktop/first.jpg]
[www.kcollector.com.br/wp-content/themes/arlo/assets/css/linea-icons/style5859.css]
[d3.do/assets/aptd/mobile/aptd_project_01-f5bd4fef6f58ece73f1a2e8405edfbb7b942a73eef8577378ac89f968253ff23.png]
[www.kcollector.com.br/wp-content/themes/arlo/assets/css/simple-line-icons/simple-line-icons5859.css]
[d3.do/assets/aptd/mobile/aptd_project_02-919c774b7bfb68db949c7a41fe6b5a1b5c402affc116b077ef6741dc5d2a17ac.png]
[www.kcollector.com.br/wp-content/themes/arlo/assets/css/dripicons/dripicons5859.css]
[d3.do/video-aptd-desktop/first.jpg]
[d3.do/assets/aptd/mobile/aptd_project_03-190346b7631dc05122f33835e278912d86f4e9d1526ae1b84b8980b3306e9bd5.png]
[www.kcollector.com.br/wp-content/themes/arlo/assets/css/modules-responsive5859.css]
[d3.do/assets/aptd/mobile/aptd_project_04-cf5ed6ff4ad9ed9cf71eb9b39e9559d7b361a82de0f7cad6ad5407674d8ae1c0.png]
[d3.do/assets/bloom/mobile/bloom_project_01-43e9c95ceb8b41d4fdf16015ef6157368e18fecc604b9fea6edf4011ecece1db.png]
[www.kcollector.com.br/wp-content/themes/arlo/assets/css/blog-responsive.min5859.css]
[d3.do/video-bloom-mobile/first.jpg]
[www.kcollector.com.br/wp-content/plugins/js_composer/assets/css/js_composer.min0147.css]
[d3.do/assets/bloom/mobile/bloom_project_02-33afc324bff388f96a26a98eb7bba4f3f94924ee3c8a8c74d501d744a37632b1.png]
[d3.do/assets/bloom/mobile/bloom_project_03-4d3d94e2797b34645ef05cbd7bd18738d84639cc11d3fc35c7896dc79da16323.png]
[d3.do/assets/bloom/mobile/bloom_project_04-b4085dbed30cf915b19557ed602fdd31e5800a55faba101fe98098226e641717.png]
[d3.do/assets/bloom/mobile/bloom_project_07-90cc6bdc226b5c5f5bb3e801b523b83d704ef527380a15cb991656b88f4379de.png]
[d3.do/assets/bloom/mobile/bloom_project_05-c082eb4eac84d949e75e1fdbc3a2f3233faeff9ca6adbccc2d024c2c8e5121fb.png]
[d3.do/assets/bloom/mobile/bloom_project_06-3a39c49cc0c7993ac5ed01c46ec40565ea521081d8cc3e343cf9f52052e11d72.png]
[d3.do/assets/bloom/mobile/bloom_project_08-2ab4edcc7df62ac3a1b9745b111dfde2c303b168c442160ddedfd01bd7ef272e.png]
[d3.do/assets/bloom/mobile/bloom_project_09-4e2776fe30278aa0604937f490df09246bff01925ce97f891975bdd0e0ac25d3.png]
[www.zagapp.com.br/assets/iphone_three_app-21ffed5331b61886f9e72858a6e3c5cf1bc78f1b23ac5a7358304f4231ade767.png]
[www.kcollector.com.br/wp-json/oembed/1.0/embed73e8.json]
[marketing.kcollector.com.br/mtracking2d0f.gif]
[www.kcollector.com.br/wp-json/oembed/1.0/embed8fae.json]
[www.kcollector.com.br/blog/index.html]
[www.kcollector.com.br/leitores-usb-e-bluetooth/index.html]
[marketing.kcollector.com.br/mtrackingae3b.gif]
[marketing.kcollector.com.br/mtrackingbc09.gif]
[www.kcollector.com.br/wp-json/oembed/1.0/embed6550.json]
[www.kcollector.com.br/wp-json/oembed/1.0/embed4b7a.json]
[marketing.kcollector.com.br/mtracking2a89.gif]
[www.facebook.com/treed0.gif]
[infograficos.estadao.com.br/estaticos/sao-paulo/2017/05/23/mapaco2-1098px-100.jpg]
[img.estadao.com.br/resources/jpg/6/2/1495534728526.jpg]
[www.zumpy.com.br/carros-levam-30-dos-passageiros-mas-respondem-por-73-das-emissoes-em-sp/feed/index.html]
[2.gravatar.com/avatar/indexf0a1.html]
[0.gravatar.com/avatar/indexf0a1.html]
[www.zumpy.com.br/conomizar-dinheiro-com-seu-carro/feed/index.html]
[1.gravatar.com/avatar/indexf0a1.html]
[talentify.io/i/icon/apple-icon-57x57.html]
[talentify.io/i/icon/apple-icon-60x60.html]
[www.zumpy.com.br/compartilhe-sua-rota-e-receba-caronas-de-forma-pratica-e-segura-com-o-zumpy/feed/index.html]
[talentify.io/i/icon/apple-icon-72x72.html]
[www.zumpy.com.br/carona-segura-e-com-o-zumpy/feed/index.html]
[talentify.io/i/icon/apple-icon-76x76.html]
[www.longhathouse.com/press/images/header.png]
[talentify.io/i/icon/apple-icon-114x114.html]
[www.longhathouse.com/press/images/lucas1.png]
[www.longhathouse.com/press/images/lucas2.png]
[www.longhathouse.com/press/images/prize.png]
[talentify.io/i/icon/apple-icon-120x120.html]
[www.longhathouse.com/press/images/joao1.png]
[www.longhathouse.com/press/images/joao2.png]
[talentify.io/i/icon/apple-icon-144x144.html]
[www.longhathouse.com/press/images/studio.png]
[talentify.io/i/icon/apple-icon-152x152.html]
[www.longhathouse.com/press/images/icon.png]
[www.longhathouse.com/press/images/logo.png]
[talentify.io/i/icon/apple-icon-180x180.html]
[www.weebly.com/uploads/reseller/assets/3463064824-favicon.ico]
[talentify.io/i/icon/android-icon-192x192.html]
[parknet.com.br/uploads/6/8/9/3/68934681/screenshot-20160905-222350-nexus5x-portrait_17588.png]
[talentify.io/i/icon/favicon-32x32.html]
[parknet.com.br/uploads/6/8/9/3/68934681/teste_2_orig.png]
[parknet.com.br/uploads/6/8/9/3/68934681/screenshot-20160905-222636-nexus5x-portrait_orig.png]
[talentify.io/i/icon/favicon-96x96.html]
[parknet.com.br/uploads/6/8/9/3/68934681/c-pia-de-parknet-shopping-lines-view-nexus6p-portrait158f.png]
[talentify.io/i/icon/favicon-16x16.html]
[parknet.com.br/uploads/6/8/9/3/68934681/google-play-icone569.png]
[parknet.com.br/uploads/6/8/9/3/68934681/btn-app-store-em-breve92c8.png]
[talentify.io/i/icon/manifest.html]
[syligo1.tempsite.ws/wp-content/uploads/2016/04/part.jpg]
[talentify.io/i/icon/ms-icon-144x144.html]
[syligo1.tempsite.ws/wp-content/uploads/2016/04/1-1.png]
[talentify.io/css/site430c.css]
[www.syligo.com/wp-content/uploads/2016/05/rodrigo.jpg]
[www.syligo.com/wp-content/uploads/2016/05/eduardo.jpg]
[www.syligo.com/wp-content/uploads/2016/05/silvio.jpg]
[www.syligo.com/wp-content/uploads/2016/05/erich.jpg]
[www.syligo.com/wp-content/uploads/2016/05/gustavo.jpg]
[www.syligo.com/wp-content/uploads/2016/05/bruno.jpg]
[syligo1.tempsite.ws/wp-content/uploads/2016/04/logo_spen-1.png]
[syligo1.tempsite.ws/wp-content/uploads/2016/04/logo_homest.png]
[www.syligo.com/wp-content/uploads/2015/07/logo.oval_.png]
[maxcdn.bootstrapcdn.com/bootstrap/3.3.7/css/bootstrap.min.css]
[www.zumpy.com.br/wp-content/plugins/contact-form-7/includes/css/stylesa288.css]
[www.zumpy.com.br/wp-content/themes/zumpy_theme/assets/css/style8a54.css]
[www.facebook.com/trc352.gif]
[www.zumpy.com.br/compartilhe-sua-rota-e-receba-caronas-de-forma-pratica-e-segura-com-o-zumpy/index.html]
[www.zumpy.com.br/carona-segura-e-com-o-zumpy/index.html]
[www.longhathouse.com/css/bootstrap.min.css]
[www.longhathouse.com/js/jquery-2.1.3.min.js]
[www.longhathouse.com/js/less.min.js]
[usebikeapp.com/feed/index9ed2.html]
[www.longhathouse.com/js/bootstrap.min.js]
[usebikeapp.com/comments/feed/index9ed2.html]
[parknet.com.br/index-2.html]
[usebikeapp.com/wp-json/index.html]
[i2.wp.com/usebikeapp.com/wp-content/uploads/2016/10/cropped-USEBIKE_marca_estudos_160810_2-08ff94.png]
[www.syligo.com/wp-content/plugins/revslider/public/assets/css/settings58aa.css]
[i0.wp.com/usebikeapp.com/wp-content/uploads/2016/03/banner-play-store73d9.png]
[usebikeapp.com/wp-content/uploads/2016/03/cropped-canstockphoto27674664_filtro2-2.png]
[www.syligo.com/wp-content/themes/xone/style51a2.css]
[i2.wp.com/usebikeapp.com/wp-content/uploads/2016/03/banner-app-store73d9.png]
[usebikeapp.com/wp-content/uploads/2016/03/canstockphoto27674664_filtro1_mobile.png]
[i0.wp.com/usebikeapp.com/wp-content/uploads/2016/11/workflow_rota273d9.png]
[i1.wp.com/usebikeapp.com/wp-content/uploads/2016/11/workflow_pontosdeinteresse373d9.png]
[www.syligo.com/wp-content/themes/xone/files/css/fancybox5152.css]
[i0.wp.com/usebikeapp.com/wp-content/uploads/2016/03/Logo-Hatchr249f0.png]
[i2.wp.com/usebikeapp.com/wp-content/uploads/2016/11/workflow_colaboracao273d9.png]
[i2.wp.com/usebikeapp.com/wp-content/uploads/2016/02/LOGO-MILK-e145709914616936bf.png]
[i1.wp.com/usebikeapp.com/wp-content/uploads/2016/11/Logo_mobilabfc0f.png]
[www.syligo.com/wp-content/themes/xone/files/css/flexslider5152.css]
[i0.wp.com/usebikeapp.com/wp-content/uploads/2017/10/E64C828F7B0db1.jpg]
[i0.wp.com/usebikeapp.com/wp-content/uploads/2016/05/Panel-2-MarkVand-der-Net-Marco-Contardi-Ricardo-Ruiz-Clarisse-Linke-e-Luciana-Nery0db1.jpg]
[i2.wp.com/usebikeapp.com/wp-content/uploads/2016/05/abradibi-usebike-destaque0db1.jpg]
[www.syligo.com/wp-content/themes/xone/files/css/easy-opener5152.css]
[www.syligo.com/wp-content/themes/xone/files/css/owl.carousel5152.css]
[www.syligo.com/wp-content/themes/xone/files/css/font-awesome.mindeae.css]
[www.zumpy.com.br/xmlrpc0db0.php]
[www.syligo.com/wp-content/themes/xone/files/css/perfect.scrollbardeae.css]
[www.syligo.com/wp-content/themes/xone/files/css/retina5152.css]
[www.syligo.com/wp-content/themes/xone/files/jplayer/jplayer5152.css]
[www.syligo.com/wp-content/themes/xone/files/css/isotope5152.css]
[www.syligo.com/wp-content/themes/xone/files/css/mqueries5152.css]
[www.syligo.com/wp-includes/js/jquery/jqueryb8ff.js]
[www.syligo.com/wp-includes/js/jquery/jquery-migrate.min330a.js]
[www.syligo.com/wp-content/plugins/revslider/public/assets/js/jquery.themepunch.tools.min58aa.js]
[www.syligo.com/wp-content/plugins/revslider/public/assets/js/jquery.themepunch.revolution.min58aa.js]
[www.syligo.com/wp-content/themes/xone/files/js/jquery.modernizr.min1717.js]
[www.kcollector.com.br/xmlrpc0db0.php]
[maxcdn.bootstrapcdn.com/bootstrap/3.3.7/js/bootstrap.min.js]
[www.kcollector.com.br/wp-json/oembed/1.0/embed5410]
[www.syligo.com/index4448.html]
[www.syligo.com/index4448.html]
[www.syligo.com/wp-content/themes/xone/files/js/jquery.easing.compatibility5152.js]
[www.syligo.com/wp-content/themes/xone/files/js/jquery.fancybox.pack6e0e.js]
[www.syligo.com/wp-content/themes/xone/files/js/jquery.visible.min5152.js]
[www.syligo.com/wp-content/themes/xone/files/js/jquery.flexslider.min53cf.js]
[www.syligo.com/wp-content/themes/xone/files/js/jquery.easy-opener.min5152.js]
[www.syligo.com/wp-content/themes/xone/files/js/jquery.bgvideo.min5152.js]
[www.syligo.com/wp-content/themes/xone/files/js/jquery.fitvids.min5152.js]
[www.syligo.com/wp-content/themes/xone/files/js/jquery.parallax.min5152.js]
[www.syligo.com/wp-content/themes/xone/files/js/jquery.counter.min5152.js]
[www.syligo.com/wp-content/themes/xone/files/js/jquery.owl.carousel.min5152.js]
[www.syligo.com/wp-content/themes/xone/files/js/jquery.mousewheel5152.js]
[www.syligo.com/wp-content/themes/xone/files/js/jquery.perfect.scrollbar5152.js]
[www.syligo.com/wp-content/themes/xone/files/js/xone-header5152.js]
[www.syligo.com/wp-content/themes/xone/files/js/xone-loader5152.js]
[www.syligo.com/wp-content/themes/xone/files/jplayer/jquery.jplayer.min3c94.js]
[www.syligo.com/wp-content/themes/xone/files/js/jquery.isotope.mindc81.js]
[www.syligo.com/wp-content/themes/xone/files/js/xone-form5152.js]
[www.syligo.com/wp-includes/js/comment-reply.mina951.js]
[www.syligo.com/wp-content/themes/xone/files/js/script5152.js]
[www.syligo.com/wp-includes/js/wp-embed.mina951.js]
[linceapp.com.br/css/app.css]
[connect.facebook.net/en_US/fbevents.js]
[linceapp.com.br/css/place/index/index.css]
[esites.pro/wp-content/plugins/contact-form-7/includes/css/stylese4ec.css]
[esites.pro/wp-content/plugins/multiupload-field-for-contact-form-7/css/cf7mu-multiupload-fronte4ec.css]
[esites.pro/esites/f9f4ca9cb1/assets/css/fl-iconse4ec.css]
[esites.pro/wp-content/plugins/gravityforms/css/formreset.mine4ec.css]
[esites.pro/wp-content/plugins/gravityforms/css/formsmain.mine4ec.css]
[esites.pro/wp-content/plugins/gravityforms/css/readyclass.mine4ec.css]
[esites.pro/wp-content/plugins/gravityforms/css/browsers.mine4ec.css]
[esites.pro/esites/f9f4ca9cb1/assets/css/flatsomee4ec.css]
[esites.pro/esites/f9f4ca9cb1/stylee4ec.css]
[esites.pro/wp-includes/js/jquery/jquerye4ec.js]
[esites.pro/wp-includes/js/jquery/jquery-migrate.mine4ec.js]
[esites.pro/wp-content/plugins/pro-sites/pro-sites-files/js/taxe4ec.js]
[esites.pro/wp-content/plugins/gravityforms/js/placeholders.jquery.mine4ec.js]
[esites.pro/wp-content/plugins/contact-form-7/includes/js/scriptse4ec.js]
[esites.pro/wp-content/plugins/multiupload-field-for-contact-form-7/js/dropzonee4ec.js]
[esites.pro/wp-content/plugins/multiupload-field-for-contact-form-7/js/cf7mu-multiupload-fronte4ec.js]
[esites.pro/esites/f9f4ca9cb1/inc/extensions/flatsome-live-search/flatsome-live-searche4ec.js]
[esites.pro/wp-content/plugins/wp-gallery-custom-links/wp-gallery-custom-linkse4ec.js]
[esites.pro/wp-includes/js/hoverIntent.mine4ec.js]
[esites.pro/esites/f9f4ca9cb1/assets/js/flatsomee4ec.js]
[esites.pro/wp-includes/js/wp-embed.mine4ec.js]
[www.urbapp.com.br/css/bootstrap.min.css]
[www.urbapp.com.br/css/freelancer.css]
[www.urbapp.com.br/css/animate.css]
[www.urbapp.com.br/font-awesome/css/font-awesome.min.css]
[connect.facebook.net/pt_BR/sdk.js]
[www.urbapp.com.br/img/portfolio/cabin.html]
[www.urbapp.com.br/img/portfolio/cake.html]
[www.urbapp.com.br/img/portfolio/circus.html]
[www.urbapp.com.br/img/portfolio/game.html]
[www.urbapp.com.br/img/portfolio/safe.html]
[www.urbapp.com.br/img/portfolio/submarine.html]
[www.appdindin.com.br/css/tutorialc4c3.css]
[gmpg.org/xfn/default.css]
[www.zagapp.com.br/assets/users-ed6b0bd565fbc4dbc2905017f345b2f6f78a746021d7f79985ead7a25d1cc907.css]
[bat.bing.com/action/0cfb2.html]
[www.kcollector.com.br/wp-content/themes/arlo/assets/css/blog.min5859.css]
[www.kcollector.com.br/wp-includes/js/mediaelement/mediaelementplayer-legacy.min45a0.css]
[www.kcollector.com.br/wp-includes/js/mediaelement/wp-mediaelement.min5859.css]
[www.kcollector.com.br/blog/amp/index.html]
[www.kcollector.com.br/indexfb9a.html]
[www.facebook.com/trcaa4.gif]
[www.kcollector.com.br/wp-json/oembed/1.0/embedf6f2]
[www.kcollector.com.br/indexc52f.html]
[www.kcollector.com.br/indexe686.html]
[www.kcollector.com.br/wp-json/oembed/1.0/embed7783]
[www.zumpy.com.br/index3ba0.html]
[www.zumpy.com.br/wp-json/oembed/1.0/embede05f]
[www.zumpy.com.br/index47f2.html]
[www.zumpy.com.br/indexec81.html]
[www.kcollector.com.br/wp-json/oembed/1.0/embed8134]
[www.zumpy.com.br/index2206.html]
[www.zumpy.com.br/indexc2ef.html]
[www.zumpy.com.br/zumpy-oferece-combustivel-de-qualidade-comprovada/index.html]
[cdnjs.cloudflare.com/ajax/libs/uikit/1.2.0/css/uikit.gradient.min.css]
[www.longhathouse.com/press/style.css]
[cdn2.editmysite.com/css/sitesf3bd.css]
[cdn2.editmysite.com/css/old/fancybox334e.css]
[cdn2.editmysite.com/css/social-icons823e.css]
[parknet.com.br/files/main_style119a.css]
[www.syligo.com/index2df4.html]
[esites.pro/index6b08.html]
[esites.pro/index6093.html]
[esites.pro/indexb347.html]
[usebikeapp.com/wp-content/plugins/wysija-newsletters/css/validationEngine.jquery1102.css]
[usebikeapp.com/wp-content/themes/astrid/css/bootstrap/bootstrap.min68b3.css]
[usebikeapp.com/wp-content/plugins/appbanners/lib/smartbanner/jquery.smartbanner.min5859.css]
[usebikeapp.com/wp-content/themes/astrid/style5859.css]
[usebikeapp.com/wp-content/themes/astrid/fonts/font-awesome.min5859.css]
[usebikeapp.com/wp-content/plugins/jetpack/css/jetpackd96d.css]
[usebikeapp.com/wp-content/plugins/pirate-forms/public/css/fronta1ec.css]
[bat.bing.com/action/0cfb2.html]
[www.syligo.com/wp-content/themes/xone/files/js/jquery.easing.1.35152.js]
[www.syligo.com/wp-content/themes/xone/files/js/jquery.scroll.min5152.js]
[d3.do/index7038.html]
[www.zagapp.com.br/users/sign_in.html]
[www.syligo.com/xmlrpc0db0.php]
[usebikeapp.com/xmlrpc0db0.php]
